[loadcase] load-group 0: faces=1 |F|=250N voxels_tagged=6144 status=ok
[loadcase] warm_start_inherit=1 mode=load-case
PROGRESS rung=0 rungs=4 iter=1
PROGRESS rung=0 rungs=4 iter=2
PROGRESS rung=0 rungs=4 iter=3
PROGRESS rung=0 rungs=4 iter=4
PROGRESS rung=0 rungs=4 iter=5
PROGRESS rung=0 rungs=4 iter=6
PROGRESS rung=0 rungs=4 iter=7
PROGRESS rung=0 rungs=4 iter=8
PROGRESS rung=0 rungs=4 iter=9
PROGRESS rung=0 rungs=4 iter=10
PROGRESS rung=0 rungs=4 iter=11
PROGRESS rung=0 rungs=4 iter=12
PROGRESS rung=0 rungs=4 iter=13
PROGRESS rung=0 rungs=4 iter=14
PROGRESS rung=0 rungs=4 iter=15
PROGRESS rung=0 rungs=4 iter=16
PROGRESS rung=0 rungs=4 iter=17
PROGRESS rung=0 rungs=4 iter=18
PROGRESS rung=0 rungs=4 iter=19
PROGRESS rung=0 rungs=4 iter=20
PROGRESS rung=0 rungs=4 iter=21
PROGRESS rung=0 rungs=4 iter=22
PROGRESS rung=0 rungs=4 iter=23
PROGRESS rung=0 rungs=4 iter=24
PROGRESS rung=0 rungs=4 iter=25
PROGRESS rung=0 rungs=4 iter=26
PROGRESS rung=0 rungs=4 iter=27
PROGRESS rung=0 rungs=4 iter=28
PROGRESS rung=0 rungs=4 iter=29
PROGRESS rung=0 rungs=4 iter=30
PROGRESS rung=0 rungs=4 iter=31
PROGRESS rung=0 rungs=4 iter=32
PROGRESS rung=0 rungs=4 iter=33
PROGRESS rung=0 rungs=4 iter=34
PROGRESS rung=0 rungs=4 iter=35
PROGRESS rung=0 rungs=4 iter=36
PROGRESS rung=0 rungs=4 iter=37
PROGRESS rung=0 rungs=4 iter=38
PROGRESS rung=0 rungs=4 iter=39
PROGRESS rung=0 rungs=4 iter=40
PROGRESS rung=0 rungs=4 iter=41
PROGRESS rung=0 rungs=4 iter=42
PROGRESS rung=0 rungs=4 iter=43
PROGRESS rung=0 rungs=4 iter=44
PROGRESS rung=0 rungs=4 iter=45
PROGRESS rung=0 rungs=4 iter=46
PROGRESS rung=0 rungs=4 iter=47
PROGRESS rung=0 rungs=4 iter=48
PROGRESS rung=0 rungs=4 iter=49
PROGRESS rung=0 rungs=4 iter=50
PROGRESS rung=0 rungs=4 iter=51
PROGRESS rung=0 rungs=4 iter=52
PROGRESS rung=0 rungs=4 iter=53
PROGRESS rung=0 rungs=4 iter=54
PROGRESS rung=0 rungs=4 iter=55
PROGRESS rung=0 rungs=4 iter=56
PROGRESS rung=0 rungs=4 iter=57
PROGRESS rung=0 rungs=4 iter=58
PROGRESS rung=0 rungs=4 iter=59
PROGRESS rung=0 rungs=4 iter=60
PROGRESS rung=0 rungs=4 iter=61
PROGRESS rung=0 rungs=4 iter=62
PROGRESS rung=0 rungs=4 iter=63
PROGRESS rung=0 rungs=4 iter=64
PROGRESS rung=0 rungs=4 iter=65
PROGRESS rung=0 rungs=4 iter=66
PROGRESS rung=0 rungs=4 iter=67
PROGRESS rung=0 rungs=4 iter=68
PROGRESS rung=0 rungs=4 iter=69
PROGRESS rung=0 rungs=4 iter=70
PROGRESS rung=0 rungs=4 iter=71
PROGRESS rung=0 rungs=4 iter=72
PROGRESS rung=0 rungs=4 iter=73
PROGRESS rung=0 rungs=4 iter=74
PROGRESS rung=0 rungs=4 iter=75
PROGRESS rung=0 rungs=4 iter=76
PROGRESS rung=0 rungs=4 iter=77
PROGRESS rung=0 rungs=4 iter=78
PROGRESS rung=0 rungs=4 iter=79
PROGRESS rung=0 rungs=4 iter=80
PROGRESS rung=0 rungs=4 iter=81
PROGRESS rung=0 rungs=4 iter=82
PROGRESS rung=0 rungs=4 iter=83
PROGRESS rung=0 rungs=4 iter=84
PROGRESS rung=0 rungs=4 iter=85
PROGRESS rung=0 rungs=4 iter=86
PROGRESS rung=0 rungs=4 iter=87
PROGRESS rung=0 rungs=4 iter=88
PROGRESS rung=0 rungs=4 iter=89
PROGRESS rung=0 rungs=4 iter=90
PROGRESS rung=0 rungs=4 iter=91
PROGRESS rung=0 rungs=4 iter=92
PROGRESS rung=0 rungs=4 iter=93
PROGRESS rung=0 rungs=4 iter=94
PROGRESS rung=0 rungs=4 iter=95
PROGRESS rung=0 rungs=4 iter=96
PROGRESS rung=0 rungs=4 iter=97
PROGRESS rung=0 rungs=4 iter=98
PROGRESS rung=0 rungs=4 iter=99
PROGRESS rung=0 rungs=4 iter=100
PROGRESS rung=0 rungs=4 iter=101
PROGRESS rung=0 rungs=4 iter=102
PROGRESS rung=0 rungs=4 iter=103
PROGRESS rung=0 rungs=4 iter=104
PROGRESS rung=0 rungs=4 iter=105
PROGRESS rung=0 rungs=4 iter=106
PROGRESS rung=0 rungs=4 iter=107
PROGRESS rung=0 rungs=4 iter=108
PROGRESS rung=0 rungs=4 iter=109
PROGRESS rung=0 rungs=4 iter=110
PROGRESS rung=0 rungs=4 iter=111
PROGRESS rung=0 rungs=4 iter=112
PROGRESS rung=0 rungs=4 iter=113
PROGRESS rung=0 rungs=4 iter=114
model: l-bracket.step (10 B-rep faces, 2 fixture faces matched)
variants: 1 evaluated, 0 accepted (stopped on margin)
  vf 0.68: margin 1.89, rejected (below margin_stop)
report: out_step/report.json
run_info: out_step/run_info.json
iterations: out_step/iterations.csv
      932.06 real      1815.27 user        64.57 sys
          1201815552  maximum resident set size
                   0  average shared memory size
                   0  average unshared data size
                   0  average unshared stack size
             3534669  page reclaims
                 464  page faults
                   0  swaps
                   0  block input operations
                   0  block output operations
                   0  messages sent
                   0  messages received
                   0  signals received
                2116  voluntary context switches
             9045902  involuntary context switches
      21081269347040  instructions retired
       5920765697208  cycles elapsed
          1256900192  peak memory footprint
