======================================================================
VOID-DOF ELIMINATION — PHASE 0 FEASIBILITY  (read-only measurement)
======================================================================
fixture: big-stagnation l-bracket, box->expanded grid 32x24x32 = 24576 voxels
part solid=1152  domain elements(non-Empty)=24576  Active=24512  Load=32 Fixture=32
est total DOFs 3*(nx+1)(ny+1)(nz+1)=81675 ; SIMP: rho_min=1e-03 p=3.0 E0=3500 nu=0.33
full contrast at rho=rho_min: (rho_min)^-p = 1.000e+09

--- optimizing rung vf=0.68 (rescaled grey=0.02935, cap=25 iters) ...
    done: iters=25 compliance=7.5702e+00 converged=0 (35.5s)
--- optimizing rung vf=0.52 (rescaled grey=0.02183, cap=25 iters) ...
    done: iters=25 compliance=1.2726e+01 converged=0 (40.6s)
--- optimizing rung vf=0.38 (rescaled grey=0.01525, cap=25 iters) ...
    done: iters=25 compliance=6.4052e+02 converged=0 (138.0s)
--- optimizing rung vf=0.26 (rescaled grey=0.00961, cap=25 iters) ...
    done: iters=25 compliance=1.6693e+03 converged=0 (110.0s)

======================================================================
E1 (DOF elimination + contrast) + E2 (floating regions), per rung
======================================================================

### rung vf=0.68  (converged iters=25 compliance=7.5702e+00)
rho_t   |   solidEl    surviv  surv% |    freeDOF   reducDOF    elim% | contr_full  contr_red |   comp   anch  float   lpc
0.0015  |     24576      1719   7.0% |      81540       7236    91.1% |   1.00e+09   1.76e+08 |      1      1      0     Y
0.01    |     24576      1678   6.8% |      81540       7110    91.3% |   1.00e+09     922113 |      1      1      0     Y
0.05    |     24576      1518   6.2% |      81540       6561    92.0% |   1.00e+09       7924 |      1      1      0     Y
0.1     |     24576      1342   5.5% |      81540       5934    92.7% |   1.00e+09        990 |      1      1      0     Y
0.3     |     24576       935   3.8% |      81540       4524    94.5% |   1.00e+09         37 |      1      1      0     Y
0.5     |     24576       734   3.0% |      81540       3804    95.3% |   1.00e+09          8 |      1      1      0     Y

### rung vf=0.52  (converged iters=25 compliance=1.2726e+01)
rho_t   |   solidEl    surviv  surv% |    freeDOF   reducDOF    elim% | contr_full  contr_red |   comp   anch  float   lpc
0.0015  |     24576      1474   6.0% |      81540       6282    92.3% |   1.00e+09   2.94e+08 |      1      1      0     Y
0.01    |     24576      1400   5.7% |      81540       6060    92.6% |   1.00e+09     949613 |      1      1      0     Y
0.05    |     24576      1218   5.0% |      81540       5442    93.3% |   1.00e+09       7855 |      1      1      0     Y
0.1     |     24576      1078   4.4% |      81540       4968    93.9% |   1.00e+09        990 |      1      1      0     Y
0.3     |     24576       734   3.0% |      81540       3717    95.4% |   1.00e+09         36 |      1      1      0     Y
0.5     |     24576       533   2.2% |      81540       3033    96.3% |   1.00e+09          8 |      1      1      0     Y

### rung vf=0.38  (converged iters=25 compliance=6.4052e+02)
rho_t   |   solidEl    surviv  surv% |    freeDOF   reducDOF    elim% | contr_full  contr_red |   comp   anch  float   lpc
0.0015  |     24576      6238  25.4% |      81540      22497    72.4% |   1.00e+09   2.94e+08 |      1      1      0     Y
0.01    |     24576      5153  21.0% |      81540      19104    76.6% |   1.00e+09     999960 |      1      1      0     Y
0.05    |     24576      3080  12.5% |      81540      12924    84.2% |   1.00e+09       7993 |      1      1      0     Y
0.1     |     24576       983   4.0% |      81540       4935    93.9% |   1.00e+09        998 |      4      1      3     Y
0.3     |     24576        65   0.3% |      81540        417    99.5% |   1.00e+09         32 |      2      2      0     N
0.5     |     24576        64   0.3% |      81540        405    99.5% |   1.00e+09          1 |      2      2      0     N

### rung vf=0.26  (converged iters=25 compliance=1.6693e+03)
rho_t   |   solidEl    surviv  surv% |    freeDOF   reducDOF    elim% | contr_full  contr_red |   comp   anch  float   lpc
0.0015  |     24576      5059  20.6% |      81540      18729    77.0% |   1.00e+09   2.95e+08 |      1      1      0     Y
0.01    |     24576      3889  15.8% |      81540      14799    81.9% |   1.00e+09     998581 |      1      1      0     Y
0.05    |     24576      1833   7.5% |      81540       8016    90.2% |   1.00e+09       7979 |      1      1      0     Y
0.1     |     24576       390   1.6% |      81540       2277    97.2% |   1.00e+09        999 |      4      2      2     N
0.3     |     24576        64   0.3% |      81540        405    99.5% |   1.00e+09          1 |      2      2      0     N
0.5     |     24576        64   0.3% |      81540        405    99.5% |   1.00e+09          1 |      2      2      0     N

======================================================================
E4 (stagnating case): full vs void-reduced CG per rung
  reduced := active_mask = (solid AND rho>rho_t) OR Load/Fixture pin
  Jacobi-CG cap=30000 tol=1e-8 ; MG-matfree cap=2000 tol=1e-8
======================================================================

### rung vf=0.68
  [Jacobi FULL   ] iters=    933 resid=8.62e-09 conv=1 4.41s
  [MG    FULL   ] iters=     47 resid=5.52e-09 mg=1 cyc=47 1.52s
  [rho_t=0.0015 kept_el=1719]
      Jacobi RED  iters=    574 resid=8.97e-09 conv=1 0.15s
      MG     RED  iters=    107 resid=8.80e-09 mg=1 cyc=107 0.18s
  [rho_t=0.1 kept_el=1342]
      Jacobi RED  iters=    575 resid=8.07e-09 conv=1 0.14s
      MG     RED  iters=    129 resid=4.51e-09 mg=1 cyc=129 0.14s
  [rho_t=0.3 kept_el=935]
      Jacobi RED  iters=    586 resid=9.00e-09 conv=1 0.12s
      MG     RED  iters=    154 resid=4.88e-09 mg=1 cyc=154 0.17s

### rung vf=0.52
  [Jacobi FULL   ] iters=    991 resid=8.15e-09 conv=1 4.86s
  [MG    FULL   ] iters=     46 resid=6.12e-09 mg=1 cyc=46 1.46s
  [rho_t=0.0015 kept_el=1474]
      Jacobi RED  iters=    572 resid=9.18e-09 conv=1 0.17s
      MG     RED  iters=    120 resid=8.69e-09 mg=1 cyc=120 0.18s
  [rho_t=0.1 kept_el=1078]
      Jacobi RED  iters=    572 resid=9.89e-09 conv=1 0.15s
      MG     RED  iters=    133 resid=8.69e-09 mg=1 cyc=133 0.10s
  [rho_t=0.3 kept_el=734]
      Jacobi RED  iters=    587 resid=9.38e-09 conv=1 0.06s
      MG     RED  iters=    168 resid=6.84e-09 mg=1 cyc=168 0.13s

### rung vf=0.38
  [Jacobi FULL   ] iters=    990 resid=7.73e-09 conv=1 4.70s
  [MG    FULL   ] iters=     54 resid=5.37e-09 mg=1 cyc=54 1.61s
  [rho_t=0.0015 kept_el=6238]
      Jacobi RED  iters=    734 resid=9.64e-09 conv=1 0.70s
      MG     RED  iters=     57 resid=7.90e-09 mg=1 cyc=57 0.39s
  [rho_t=0.1 kept_el=983]
      Jacobi RED  iters=   1086 resid=8.52e-09 conv=1 0.22s
      MG     RED  iters=   1086 resid=8.52e-09 mg=0 cyc=300 0.57s
  [rho_t=0.3 kept_el=65]
      Jacobi RED  iters=   6000 resid=1.28e+06 conv=0 0.23s EXC:fea_solve_cg_matfree: CG did not reach the requested tolerance within max_iterations
      MG     RED  iters=   2000 resid=3.61e+08 mg=0 cyc=23 0.10s EXC:fea_solve_mgcg_matfree: CG did not reach the requested tolerance within max_iterations

### rung vf=0.26
  [Jacobi FULL   ] iters=   1145 resid=9.97e-09 conv=1 5.99s
  [MG    FULL   ] iters=     54 resid=2.91e-09 mg=1 cyc=54 1.60s
  [rho_t=0.0015 kept_el=5059]
      Jacobi RED  iters=    811 resid=8.49e-09 conv=1 0.66s
      MG     RED  iters=    100 resid=8.62e-09 mg=1 cyc=100 0.37s
  [rho_t=0.1 kept_el=390]
      Jacobi RED  iters=   6000 resid=1.28e+06 conv=0 0.54s EXC:fea_solve_cg_matfree: CG did not reach the requested tolerance within max_iterations
      MG     RED  iters=   2000 resid=3.61e+08 mg=0 cyc=64 0.22s EXC:fea_solve_mgcg_matfree: CG did not reach the requested tolerance within max_iterations
  [rho_t=0.3 kept_el=64]
      Jacobi RED  iters=   6000 resid=1.28e+06 conv=0 0.20s EXC:fea_solve_cg_matfree: CG did not reach the requested tolerance within max_iterations
      MG     RED  iters=   2000 resid=3.61e+08 mg=0 cyc=23 0.10s EXC:fea_solve_mgcg_matfree: CG did not reach the requested tolerance within max_iterations

[done]
