[loadcase] load-group 0: faces=1 |F|=200N voxels_tagged=4096 status=ok
[loadcase] warm_start_inherit=1 mode=load-case
[loadcase] ladder=REDUCTION rungs=[0.68,0.52,0.38,0.26] anchor_pad=1 — remove as much plastic as possible while holding the required margin
[loadcase] anchor-pad depth=3 anchor_faces=1 load_faces=1 voxels_frozen=24576 (structural pad, NOT a face protection)
lattice-part: the imported part, solid vf=1 — NO ladder ran, NO optimization
  design: fingerprint 15703007687620756355, 0 optimizer iterations originally
  reproduction: recorded margin 0 == reproduced 184.343 (enforced)
  solves: 3 certification (design iterations 0, variant meshes 0)
  lattice: graded cell 3.102 mm, rho 0.05047..0.4249 over 262071 voxels
  solid margin 184.3 -> latticed margin 29.67 (effective 6.144)
  strut strength (REPORT, not gated): in-plane 1.469   interlayer 0.858
  verdict: ACCEPTED
mesh: h_clean/cube_100_lattice.stl
mesh: h_clean/cube_100_lattice_WELDED.stl
receipt: h_clean/cube_100_lattice.report.json
report: h_clean/lattice_variant_report.json
provenance: h_clean/lattice_variant.json
loadcase: h_clean/loadcase.json
fields: h_clean/fields.bin
wall: 62.58 s
