[loadcase] load-group 0: faces=22 |F|=22.2N voxels_tagged=5165 status=ok
[loadcase] warm_start_inherit=1 mode=load-case
[loadcase] ladder=REDUCTION rungs=[0.68,0.52,0.38,0.26] anchor_pad=1 — remove as much plastic as possible while holding the required margin
[loadcase] face-protection face=16 voxels_frozen=10554 depth=3 status=ok
== levelset_probe — a level set on our own solver ==

part        evidence/2026-08-09-reference-implementation-bakeoff/M2_verticalStand.step (78 B-rep faces)
grid        128 x 31 x 118 = 468224 voxels, spacing 1.705279303 mm
origin      (-18.275750737, -48.909974716, 0.000000000) mm
dofs        491232 nodes, 1473696 displacement DOFs
bcs         21000 clamped DOFs
loads       7382 nodal loads, Fz = -22.24113464 N
part solid  110904 voxels;  mask Active 70688 / FrozenSolid 40216 / FrozenVoid 357320
rung        0.68  ->  target 75414.7 printed voxels
band eta    2 voxels = 3.410559 mm      seed: holes

-- the five differences from PR 322 --
(1) surface delta  DH_eta(phi) * |grad phi| on BOTH the compliance and volume terms
(2) trajectory law penalty 1  = their LINEAR I(phi)   (certification stays at 3)
(3) HJ steps       24 per state solve, gamma 0.1  (their floor(order*min(el_size)/5) = 6)
(4) extension      HILBERTIAN screened-Poisson
                   alpha = 2.4 voxels = 4.092670 mm, rtol 1e-12, Dirichlet v=0 on 40216 FrozenSolid cells
(5) band eta       2 voxels (their eta_coeff = 2)

posture     PRODUCTION (as SIMP's 11.2 s/iteration was measured): recycling ON (dim 16), geneo ON, galerkin cache ON,
            threads 3, solver=2, cg_tol=1e-08, cg_max=0
mixed prec  off (FP64)  (V-cycle preconditioner only; the outer CG is FP64 by design)
seed        regular hole array, period 8 voxels
PLSM        phi = sum alpha_i psi_i  —  gaussian basis, knots (2, 2, 2) voxels PER AXIS
            68 x 20 x 63 = 85680 COEFFICIENTS against 468224 voxels (compression 5.5x)
            support 2 x spacing = (6.821, 6.821, 6.821) mm, nnz(Psi) 14665984 (31.3 per voxel)
            seed fit: 2000 CG iterations, rel resid 1.29e-05, band rms 0.20254 mm, 18.0 s
            volume offset moves phi by offset * sum_i psi_i, which is 4.1981..4.2335 in the part
            update: MMA on the coefficients;  Hilbertian extension: off — the RBF support is the extension;  approximate re-init: every N iterations
PLSM        coefficient box +-462.1415 (4x the largest seed coefficient); a unit move of every
            coefficient carries phi by at most 4.2335 mm, which is what sizes the MMA move
VOLUME      constraint measures #{phi + c < 0} — the PRINTED count (S1: occupancy_volume and printed_voxels agree by construction)
★ ERSATZ    THE EXACT VOLUME FRACTION, not H_eta at the cell centre.
            rho_e = |{phi<0} cap cell| / |cell|, by 4 x 4 x 4 = 64
            sub-samples of the ANALYTIC phi per cell, on the SAME
            sub-cell lattice marching_cubes_resampled uses.
            70688 of 468224 cells are sampled (the ACTIVE ones); the rest are
            stamped 0/1 by the mask and were never the level set's.
            value    the HARD sample count (piecewise constant in alpha; see frac_ersatz.hpp)
            gradient EXACT — psi_i evaluated AT THE SAMPLES and scattered
            eps_q    1 x |grad phi| x h/4 = 0.42632 mm at |grad phi| = 1
                     — a QUADRATURE bandwidth tied to the sample spacing,
                       so it shrinks like 1/K. It is not eta: eta is a
                       fixed 2 voxels and appears in the density; this
                       appears in no density at all.
            export   H_eta only — R5, bit-identical to PR 326's convention
            ★ WHAT STILL READS eta, stated rather than left to be found:
              * the PRINTED predicate {H_eta(-phi) > 0.5}. Provably
                eta-free as a SET (H is monotone, H(0) = 0.5 exactly),
                so the part, its mass and its certificate are defined
                identically to PR 326's. R5.
              * the F>=1 EXPORT's field values, where eta DOES move
                vertex placement. Kept as the row of record; --frac-export
                emits the fraction beside it as the named control.
              * the reinit residual's reporting band and the refit's fit
                weight — diagnostics and the approximate reinitialisation,
                neither of which is the variable under test.
              * Per = INT DH_eta(phi)|grad phi| — GONE with the density.
                Under --frac the perimeter term rides the QUADRATURE band
                and no longer contains eta at all.
ALPHA       85680 coefficients read from evidence/2026-08-12-exact-volume-fraction-ersatz/probe/RB1_alpha.f64 — the seed fit above is DISCARDED

══ THE FRACTION AGAINST k ══════════════════════════════════
k = 2       6954 cut cells of    70688 sampled   sum f_v =   34829.125000   0.093 s
k = 4      10077 cut cells of    70688 sampled   sum f_v =   34820.718750   0.580 s
k = 8      11385 cut cells of    70688 sampled   sum f_v =   34825.699219   4.580 s

  differences, over the CUT cells only (an uncut cell is 0 or 1 at every k):
  k=4 against k=2: rms 0.088092, max 0.484375 over 10077 cells; sum f_v moves -8.4062 voxels (-0.0111% of the part)
  k=8 against k=4: rms 0.022501, max 0.125000 over 11385 cells; sum f_v moves +4.9805 voxels (0.0066% of the part)

  cut cells: 6954 / 10077 / 11385 at k = 2 / 4 / 8; build 0.093 / 0.580 / 4.580 s
wrote evidence/2026-08-12-exact-volume-fraction-ersatz/probe/kreport/frac_kreport.csv
