[loadcase] load-group 0: faces=22 |F|=22.2N voxels_tagged=484 status=ok
[loadcase] warm_start_inherit=1 mode=load-case
[loadcase] ladder=REDUCTION rungs=[0.68,0.52,0.38,0.26] anchor_pad=1 — remove as much plastic as possible while holding the required margin
[loadcase] face-protection face=16 voxels_frozen=622 depth=1 status=ok
[preflight] load path CONNECTED: 484 load voxels, 460 anchor voxels, 6421 of 25344 voxels allowed to hold material; narrowest separating cross-section 563 voxels (1.164e+04 mm^2) at 3/4 steps from the anchor; 0.29 ms
PROGRESS rung=0 rungs=4 iter=1
PROGRESS rung=0 rungs=4 iter=2
PROGRESS rung=0 rungs=4 iter=3
PROGRESS rung=0 rungs=4 iter=4
PROGRESS rung=0 rungs=4 iter=5
PROGRESS rung=0 rungs=4 iter=6
PROGRESS rung=0 rungs=4 iter=7
PROGRESS rung=0 rungs=4 iter=8
PROGRESS rung=0 rungs=4 iter=9
PROGRESS rung=0 rungs=4 iter=10
PROGRESS rung=0 rungs=4 iter=11
PROGRESS rung=0 rungs=4 iter=12
PROGRESS rung=0 rungs=4 iter=13
PROGRESS rung=0 rungs=4 iter=14
PROGRESS rung=0 rungs=4 iter=15
VARIANT vf=0.680000 achieved=0.679991 printed=0.923688 margin=5657.02 accepted=1 mesh=out_base/variant_068.stl
PROGRESS rung=1 rungs=4 iter=1
PROGRESS rung=1 rungs=4 iter=2
PROGRESS rung=1 rungs=4 iter=3
PROGRESS rung=1 rungs=4 iter=4
PROGRESS rung=1 rungs=4 iter=5
PROGRESS rung=1 rungs=4 iter=6
PROGRESS rung=1 rungs=4 iter=7
PROGRESS rung=1 rungs=4 iter=8
PROGRESS rung=1 rungs=4 iter=9
PROGRESS rung=1 rungs=4 iter=10
PROGRESS rung=1 rungs=4 iter=11
PROGRESS rung=1 rungs=4 iter=12
PROGRESS rung=1 rungs=4 iter=13
PROGRESS rung=1 rungs=4 iter=14
PROGRESS rung=1 rungs=4 iter=15
PROGRESS rung=1 rungs=4 iter=16
PROGRESS rung=1 rungs=4 iter=17
PROGRESS rung=1 rungs=4 iter=18
PROGRESS rung=1 rungs=4 iter=19
PROGRESS rung=1 rungs=4 iter=20
PROGRESS rung=1 rungs=4 iter=21
PROGRESS rung=1 rungs=4 iter=22
PROGRESS rung=1 rungs=4 iter=23
PROGRESS rung=1 rungs=4 iter=24
PROGRESS rung=1 rungs=4 iter=25
PROGRESS rung=1 rungs=4 iter=26
PROGRESS rung=1 rungs=4 iter=27
PROGRESS rung=1 rungs=4 iter=28
PROGRESS rung=1 rungs=4 iter=29
PROGRESS rung=1 rungs=4 iter=30
PROGRESS rung=1 rungs=4 iter=31
PROGRESS rung=1 rungs=4 iter=32
PROGRESS rung=1 rungs=4 iter=33
PROGRESS rung=1 rungs=4 iter=34
PROGRESS rung=1 rungs=4 iter=35
PROGRESS rung=1 rungs=4 iter=36
PROGRESS rung=1 rungs=4 iter=37
PROGRESS rung=1 rungs=4 iter=38
PROGRESS rung=1 rungs=4 iter=39
PROGRESS rung=1 rungs=4 iter=40
PROGRESS rung=1 rungs=4 iter=41
PROGRESS rung=1 rungs=4 iter=42
PROGRESS rung=1 rungs=4 iter=43
PROGRESS rung=1 rungs=4 iter=44
PROGRESS rung=1 rungs=4 iter=45
PROGRESS rung=1 rungs=4 iter=46
PROGRESS rung=1 rungs=4 iter=47
PROGRESS rung=1 rungs=4 iter=48
PROGRESS rung=1 rungs=4 iter=49
PROGRESS rung=1 rungs=4 iter=50
PROGRESS rung=1 rungs=4 iter=51
PROGRESS rung=1 rungs=4 iter=52
PROGRESS rung=1 rungs=4 iter=53
PROGRESS rung=1 rungs=4 iter=54
PROGRESS rung=1 rungs=4 iter=55
PROGRESS rung=1 rungs=4 iter=56
PROGRESS rung=1 rungs=4 iter=57
PROGRESS rung=1 rungs=4 iter=58
PROGRESS rung=1 rungs=4 iter=59
PROGRESS rung=1 rungs=4 iter=60
PROGRESS rung=1 rungs=4 iter=61
PROGRESS rung=1 rungs=4 iter=62
PROGRESS rung=1 rungs=4 iter=63
PROGRESS rung=1 rungs=4 iter=64
PROGRESS rung=1 rungs=4 iter=65
PROGRESS rung=1 rungs=4 iter=66
PROGRESS rung=1 rungs=4 iter=67
PROGRESS rung=1 rungs=4 iter=68
PROGRESS rung=1 rungs=4 iter=69
PROGRESS rung=1 rungs=4 iter=70
PROGRESS rung=1 rungs=4 iter=71
PROGRESS rung=1 rungs=4 iter=72
PROGRESS rung=1 rungs=4 iter=73
PROGRESS rung=1 rungs=4 iter=74
PROGRESS rung=1 rungs=4 iter=75
PROGRESS rung=1 rungs=4 iter=76
PROGRESS rung=1 rungs=4 iter=77
PROGRESS rung=1 rungs=4 iter=78
PROGRESS rung=1 rungs=4 iter=79
PROGRESS rung=1 rungs=4 iter=80
PROGRESS rung=1 rungs=4 iter=81
PROGRESS rung=1 rungs=4 iter=82
PROGRESS rung=1 rungs=4 iter=83
PROGRESS rung=1 rungs=4 iter=84
PROGRESS rung=1 rungs=4 iter=85
PROGRESS rung=1 rungs=4 iter=86
PROGRESS rung=1 rungs=4 iter=87
PROGRESS rung=1 rungs=4 iter=88
PROGRESS rung=1 rungs=4 iter=89
PROGRESS rung=1 rungs=4 iter=90
PROGRESS rung=1 rungs=4 iter=91
PROGRESS rung=1 rungs=4 iter=92
PROGRESS rung=1 rungs=4 iter=93
PROGRESS rung=1 rungs=4 iter=94
PROGRESS rung=1 rungs=4 iter=95
PROGRESS rung=1 rungs=4 iter=96
PROGRESS rung=1 rungs=4 iter=97
PROGRESS rung=1 rungs=4 iter=98
PROGRESS rung=1 rungs=4 iter=99
PROGRESS rung=1 rungs=4 iter=100
PROGRESS rung=1 rungs=4 iter=101
PROGRESS rung=1 rungs=4 iter=102
PROGRESS rung=1 rungs=4 iter=103
PROGRESS rung=1 rungs=4 iter=104
VARIANT vf=0.520000 achieved=0.520000 printed=0.885065 margin=5553.94 accepted=1 mesh=out_base/variant_052.stl
PROGRESS rung=2 rungs=4 iter=1
PROGRESS rung=2 rungs=4 iter=2
PROGRESS rung=2 rungs=4 iter=3
PROGRESS rung=2 rungs=4 iter=4
PROGRESS rung=2 rungs=4 iter=5
PROGRESS rung=2 rungs=4 iter=6
PROGRESS rung=2 rungs=4 iter=7
PROGRESS rung=2 rungs=4 iter=8
PROGRESS rung=2 rungs=4 iter=9
PROGRESS rung=2 rungs=4 iter=10
PROGRESS rung=2 rungs=4 iter=11
PROGRESS rung=2 rungs=4 iter=12
PROGRESS rung=2 rungs=4 iter=13
PROGRESS rung=2 rungs=4 iter=14
PROGRESS rung=2 rungs=4 iter=15
PROGRESS rung=2 rungs=4 iter=16
PROGRESS rung=2 rungs=4 iter=17
PROGRESS rung=2 rungs=4 iter=18
PROGRESS rung=2 rungs=4 iter=19
PROGRESS rung=2 rungs=4 iter=20
PROGRESS rung=2 rungs=4 iter=21
PROGRESS rung=2 rungs=4 iter=22
PROGRESS rung=2 rungs=4 iter=23
PROGRESS rung=2 rungs=4 iter=24
PROGRESS rung=2 rungs=4 iter=25
PROGRESS rung=2 rungs=4 iter=26
PROGRESS rung=2 rungs=4 iter=27
PROGRESS rung=2 rungs=4 iter=28
PROGRESS rung=2 rungs=4 iter=29
PROGRESS rung=2 rungs=4 iter=30
PROGRESS rung=2 rungs=4 iter=31
PROGRESS rung=2 rungs=4 iter=32
PROGRESS rung=2 rungs=4 iter=33
PROGRESS rung=2 rungs=4 iter=34
PROGRESS rung=2 rungs=4 iter=35
PROGRESS rung=2 rungs=4 iter=36
PROGRESS rung=2 rungs=4 iter=37
PROGRESS rung=2 rungs=4 iter=38
PROGRESS rung=2 rungs=4 iter=39
PROGRESS rung=2 rungs=4 iter=40
PROGRESS rung=2 rungs=4 iter=41
PROGRESS rung=2 rungs=4 iter=42
PROGRESS rung=2 rungs=4 iter=43
PROGRESS rung=2 rungs=4 iter=44
PROGRESS rung=2 rungs=4 iter=45
PROGRESS rung=2 rungs=4 iter=46
PROGRESS rung=2 rungs=4 iter=47
PROGRESS rung=2 rungs=4 iter=48
PROGRESS rung=2 rungs=4 iter=49
PROGRESS rung=2 rungs=4 iter=50
PROGRESS rung=2 rungs=4 iter=51
PROGRESS rung=2 rungs=4 iter=52
PROGRESS rung=2 rungs=4 iter=53
PROGRESS rung=2 rungs=4 iter=54
PROGRESS rung=2 rungs=4 iter=55
PROGRESS rung=2 rungs=4 iter=56
PROGRESS rung=2 rungs=4 iter=57
PROGRESS rung=2 rungs=4 iter=58
PROGRESS rung=2 rungs=4 iter=59
PROGRESS rung=2 rungs=4 iter=60
PROGRESS rung=2 rungs=4 iter=61
PROGRESS rung=2 rungs=4 iter=62
PROGRESS rung=2 rungs=4 iter=63
PROGRESS rung=2 rungs=4 iter=64
PROGRESS rung=2 rungs=4 iter=65
PROGRESS rung=2 rungs=4 iter=66
PROGRESS rung=2 rungs=4 iter=67
PROGRESS rung=2 rungs=4 iter=68
PROGRESS rung=2 rungs=4 iter=69
PROGRESS rung=2 rungs=4 iter=70
PROGRESS rung=2 rungs=4 iter=71
PROGRESS rung=2 rungs=4 iter=72
PROGRESS rung=2 rungs=4 iter=73
PROGRESS rung=2 rungs=4 iter=74
PROGRESS rung=2 rungs=4 iter=75
PROGRESS rung=2 rungs=4 iter=76
PROGRESS rung=2 rungs=4 iter=77
PROGRESS rung=2 rungs=4 iter=78
PROGRESS rung=2 rungs=4 iter=79
PROGRESS rung=2 rungs=4 iter=80
PROGRESS rung=2 rungs=4 iter=81
PROGRESS rung=2 rungs=4 iter=82
PROGRESS rung=2 rungs=4 iter=83
PROGRESS rung=2 rungs=4 iter=84
PROGRESS rung=2 rungs=4 iter=85
PROGRESS rung=2 rungs=4 iter=86
PROGRESS rung=2 rungs=4 iter=87
PROGRESS rung=2 rungs=4 iter=88
PROGRESS rung=2 rungs=4 iter=89
PROGRESS rung=2 rungs=4 iter=90
PROGRESS rung=2 rungs=4 iter=91
PROGRESS rung=2 rungs=4 iter=92
PROGRESS rung=2 rungs=4 iter=93
PROGRESS rung=2 rungs=4 iter=94
PROGRESS rung=2 rungs=4 iter=95
PROGRESS rung=2 rungs=4 iter=96
PROGRESS rung=2 rungs=4 iter=97
PROGRESS rung=2 rungs=4 iter=98
PROGRESS rung=2 rungs=4 iter=99
PROGRESS rung=2 rungs=4 iter=100
PROGRESS rung=2 rungs=4 iter=101
PROGRESS rung=2 rungs=4 iter=102
PROGRESS rung=2 rungs=4 iter=103
PROGRESS rung=2 rungs=4 iter=104
PROGRESS rung=2 rungs=4 iter=105
PROGRESS rung=2 rungs=4 iter=106
PROGRESS rung=2 rungs=4 iter=107
VARIANT vf=0.380000 achieved=0.380003 printed=0.851581 margin=5411.47 accepted=1 mesh=out_base/variant_038.stl
PROGRESS rung=3 rungs=4 iter=1
PROGRESS rung=3 rungs=4 iter=2
PROGRESS rung=3 rungs=4 iter=3
PROGRESS rung=3 rungs=4 iter=4
PROGRESS rung=3 rungs=4 iter=5
PROGRESS rung=3 rungs=4 iter=6
PROGRESS rung=3 rungs=4 iter=7
PROGRESS rung=3 rungs=4 iter=8
PROGRESS rung=3 rungs=4 iter=9
PROGRESS rung=3 rungs=4 iter=10
PROGRESS rung=3 rungs=4 iter=11
PROGRESS rung=3 rungs=4 iter=12
PROGRESS rung=3 rungs=4 iter=13
PROGRESS rung=3 rungs=4 iter=14
PROGRESS rung=3 rungs=4 iter=15
PROGRESS rung=3 rungs=4 iter=16
PROGRESS rung=3 rungs=4 iter=17
PROGRESS rung=3 rungs=4 iter=18
PROGRESS rung=3 rungs=4 iter=19
VARIANT vf=0.260000 achieved=0.259996 printed=0.822458 margin=5387.3 accepted=1 mesh=out_base/variant_026.stl
WARNING: multigrid solver "MultigridCG_Matfree" fell back to Jacobi-CG on the 48x12x44 solved grid (the hierarchy could not be built, OR the V-cycle stagnated on a high-contrast field) — expect a large slowdown. Linear solves ran Jacobi-CG; run_info.json records cg_multigrid=false. See iterations.csv for the per-solve record.
model: M2_verticalStand.step (78 B-rep faces, 1 fixture faces matched)
ladder: REDUCTION [0.68, 0.52, 0.38, 0.26 x the part] — remove as much plastic as possible while holding it
variants: 4 evaluated, 4 accepted
  vf 0.68: margin 5.66e+03, accepted
  vf 0.52: margin 5.55e+03, accepted
  vf 0.38: margin 5.41e+03, accepted
  vf 0.26: margin 5.39e+03, accepted
report: out_base/report.json
mesh: out_base/variant_068.stl
mesh: out_base/variant_052.stl
mesh: out_base/variant_038.stl
mesh: out_base/variant_026.stl
run_info: out_base/run_info.json
iterations: out_base/iterations.csv
