[lattice] FORECAST region_too_thin: include region 1 (face) is 4.000 mm across its thinnest dimension; the cells-per-member floor needs 5.0 cells x 4.6026 mm = 23.013 mm. Nothing inside this region can hold a certifiable lattice — it will be kept SOLID. This is a property of the region's geometry and the printability floor (nozzle-derived), not of the optimizer or of any Protect setting.
[lattice] FORECAST: 1 of 1 include regions are thinner than the 23.013 mm the floor requires (thinnest 4.000 mm; floor 5.0 cells x 4.6026 mm)
[loadcase] load-group 0: faces=22 |F|=22.2N voxels_tagged=5165 status=ok
[loadcase] warm_start_inherit=1 mode=load-case
[loadcase] ladder=REDUCTION rungs=[0.68,0.52,0.38,0.26] anchor_pad=1 — remove as much plastic as possible while holding the required margin
[loadcase] face-protection face=16 voxels_frozen=10554 depth=3 status=ok
[preflight] load path CONNECTED: 5165 load voxels, 3348 anchor voxels, 110904 of 468224 voxels allowed to hold material; narrowest separating cross-section 3840 voxels (1.117e+04 mm^2) at 11/12 steps from the anchor; 3.99 ms
NOTE: solve grid 128x31x118 has odd axis(es) [y=31] - geometric multigrid pads its INDEX SPACE to 128x32x120 (up to 4 levels). The pad is inactive solver bookkeeping only: the design grid, loads, mass and margins are untouched.
PROGRESS rung=0 rungs=4 iter=1
PROGRESS rung=0 rungs=4 iter=2
PROGRESS rung=0 rungs=4 iter=3
PROGRESS rung=0 rungs=4 iter=4
PROGRESS rung=0 rungs=4 iter=5
PROGRESS rung=0 rungs=4 iter=6
PROGRESS rung=0 rungs=4 iter=7
PROGRESS rung=0 rungs=4 iter=8
PROGRESS rung=0 rungs=4 iter=9
PROGRESS rung=0 rungs=4 iter=10
PROGRESS rung=0 rungs=4 iter=11
PROGRESS rung=0 rungs=4 iter=12
PROGRESS rung=0 rungs=4 iter=13
PROGRESS rung=0 rungs=4 iter=14
PROGRESS rung=0 rungs=4 iter=15
PROGRESS rung=0 rungs=4 iter=16
PROGRESS rung=0 rungs=4 iter=17
PROGRESS rung=0 rungs=4 iter=18
PROGRESS rung=0 rungs=4 iter=19
PROGRESS rung=0 rungs=4 iter=20
PROGRESS rung=0 rungs=4 iter=21
PROGRESS rung=0 rungs=4 iter=22
PROGRESS rung=0 rungs=4 iter=23
PROGRESS rung=0 rungs=4 iter=24
PROGRESS rung=0 rungs=4 iter=25
PROGRESS rung=0 rungs=4 iter=26
PROGRESS rung=0 rungs=4 iter=27
VARIANT vf=0.680000 achieved=0.679951 printed=0.797302 margin=3254.36 accepted=1 mesh=fix_off/variant_068.stl
[lattice] vf=0.68 frozen material: printed=40216 latticed=269 solid=39947 in_include=1088 in_exclude=0/1680 latticed (audit: cells_not_emitted=0 strut_and_solid=37 unexplained=0)
LATTICE vf=0.680000 topology=octet cell_mm=4.60262 graded=1 rho_min=0.272473 rho_max=0.89988 cells=36 tris=36256 lattice_margin=3254.82 lattice_accepted=1 report=fix_off/variant_068_lattice.report.json mesh=fix_off/variant_068_lattice.stl
PROGRESS rung=1 rungs=4 iter=1
PROGRESS rung=1 rungs=4 iter=2
PROGRESS rung=1 rungs=4 iter=3
PROGRESS rung=1 rungs=4 iter=4
PROGRESS rung=1 rungs=4 iter=5
PROGRESS rung=1 rungs=4 iter=6
PROGRESS rung=1 rungs=4 iter=7
PROGRESS rung=1 rungs=4 iter=8
PROGRESS rung=1 rungs=4 iter=9
PROGRESS rung=1 rungs=4 iter=10
PROGRESS rung=1 rungs=4 iter=11
PROGRESS rung=1 rungs=4 iter=12
PROGRESS rung=1 rungs=4 iter=13
PROGRESS rung=1 rungs=4 iter=14
PROGRESS rung=1 rungs=4 iter=15
PROGRESS rung=1 rungs=4 iter=16
PROGRESS rung=1 rungs=4 iter=17
PROGRESS rung=1 rungs=4 iter=18
PROGRESS rung=1 rungs=4 iter=19
PROGRESS rung=1 rungs=4 iter=20
PROGRESS rung=1 rungs=4 iter=21
PROGRESS rung=1 rungs=4 iter=22
PROGRESS rung=1 rungs=4 iter=23
PROGRESS rung=1 rungs=4 iter=24
PROGRESS rung=1 rungs=4 iter=25
PROGRESS rung=1 rungs=4 iter=26
PROGRESS rung=1 rungs=4 iter=27
PROGRESS rung=1 rungs=4 iter=28
PROGRESS rung=1 rungs=4 iter=29
PROGRESS rung=1 rungs=4 iter=30
PROGRESS rung=1 rungs=4 iter=31
PROGRESS rung=1 rungs=4 iter=32
PROGRESS rung=1 rungs=4 iter=33
PROGRESS rung=1 rungs=4 iter=34
PROGRESS rung=1 rungs=4 iter=35
PROGRESS rung=1 rungs=4 iter=36
PROGRESS rung=1 rungs=4 iter=37
PROGRESS rung=1 rungs=4 iter=38
PROGRESS rung=1 rungs=4 iter=39
PROGRESS rung=1 rungs=4 iter=40
PROGRESS rung=1 rungs=4 iter=41
PROGRESS rung=1 rungs=4 iter=42
PROGRESS rung=1 rungs=4 iter=43
PROGRESS rung=1 rungs=4 iter=44
PROGRESS rung=1 rungs=4 iter=45
PROGRESS rung=1 rungs=4 iter=46
PROGRESS rung=1 rungs=4 iter=47
PROGRESS rung=1 rungs=4 iter=48
PROGRESS rung=1 rungs=4 iter=49
PROGRESS rung=1 rungs=4 iter=50
PROGRESS rung=1 rungs=4 iter=51
PROGRESS rung=1 rungs=4 iter=52
PROGRESS rung=1 rungs=4 iter=53
PROGRESS rung=1 rungs=4 iter=54
PROGRESS rung=1 rungs=4 iter=55
PROGRESS rung=1 rungs=4 iter=56
PROGRESS rung=1 rungs=4 iter=57
PROGRESS rung=1 rungs=4 iter=58
PROGRESS rung=1 rungs=4 iter=59
PROGRESS rung=1 rungs=4 iter=60
PROGRESS rung=1 rungs=4 iter=61
PROGRESS rung=1 rungs=4 iter=62
PROGRESS rung=1 rungs=4 iter=63
PROGRESS rung=1 rungs=4 iter=64
PROGRESS rung=1 rungs=4 iter=65
PROGRESS rung=1 rungs=4 iter=66
PROGRESS rung=1 rungs=4 iter=67
PROGRESS rung=1 rungs=4 iter=68
PROGRESS rung=1 rungs=4 iter=69
PROGRESS rung=1 rungs=4 iter=70
PROGRESS rung=1 rungs=4 iter=71
PROGRESS rung=1 rungs=4 iter=72
PROGRESS rung=1 rungs=4 iter=73
PROGRESS rung=1 rungs=4 iter=74
PROGRESS rung=1 rungs=4 iter=75
PROGRESS rung=1 rungs=4 iter=76
PROGRESS rung=1 rungs=4 iter=77
PROGRESS rung=1 rungs=4 iter=78
PROGRESS rung=1 rungs=4 iter=79
PROGRESS rung=1 rungs=4 iter=80
PROGRESS rung=1 rungs=4 iter=81
PROGRESS rung=1 rungs=4 iter=82
PROGRESS rung=1 rungs=4 iter=83
PROGRESS rung=1 rungs=4 iter=84
PROGRESS rung=1 rungs=4 iter=85
PROGRESS rung=1 rungs=4 iter=86
PROGRESS rung=1 rungs=4 iter=87
PROGRESS rung=1 rungs=4 iter=88
PROGRESS rung=1 rungs=4 iter=89
PROGRESS rung=1 rungs=4 iter=90
PROGRESS rung=1 rungs=4 iter=91
PROGRESS rung=1 rungs=4 iter=92
PROGRESS rung=1 rungs=4 iter=93
PROGRESS rung=1 rungs=4 iter=94
PROGRESS rung=1 rungs=4 iter=95
PROGRESS rung=1 rungs=4 iter=96
PROGRESS rung=1 rungs=4 iter=97
PROGRESS rung=1 rungs=4 iter=98
PROGRESS rung=1 rungs=4 iter=99
PROGRESS rung=1 rungs=4 iter=100
PROGRESS rung=1 rungs=4 iter=101
PROGRESS rung=1 rungs=4 iter=102
PROGRESS rung=1 rungs=4 iter=103
PROGRESS rung=1 rungs=4 iter=104
PROGRESS rung=1 rungs=4 iter=105
PROGRESS rung=1 rungs=4 iter=106
PROGRESS rung=1 rungs=4 iter=107
PROGRESS rung=1 rungs=4 iter=108
PROGRESS rung=1 rungs=4 iter=109
PROGRESS rung=1 rungs=4 iter=110
PROGRESS rung=1 rungs=4 iter=111
PROGRESS rung=1 rungs=4 iter=112
PROGRESS rung=1 rungs=4 iter=113
PROGRESS rung=1 rungs=4 iter=114
PROGRESS rung=1 rungs=4 iter=115
PROGRESS rung=1 rungs=4 iter=116
PROGRESS rung=1 rungs=4 iter=117
PROGRESS rung=1 rungs=4 iter=118
PROGRESS rung=1 rungs=4 iter=119
PROGRESS rung=1 rungs=4 iter=120
PROGRESS rung=1 rungs=4 iter=121
PROGRESS rung=1 rungs=4 iter=122
PROGRESS rung=1 rungs=4 iter=123
PROGRESS rung=1 rungs=4 iter=124
PROGRESS rung=1 rungs=4 iter=125
PROGRESS rung=1 rungs=4 iter=126
PROGRESS rung=1 rungs=4 iter=127
VARIANT vf=0.520000 achieved=0.520005 printed=0.694060 margin=3389.42 accepted=1 mesh=fix_off/variant_052.stl
[lattice] vf=0.52 frozen material: printed=40216 latticed=0 solid=40216 in_include=1088 in_exclude=0/1680 latticed (audit: cells_not_emitted=0 strut_and_solid=0 unexplained=0)
LATTICE vf=0.520000 topology=octet cell_mm=4.60262 graded=1 rho_min=0 rho_max=0 cells=0 tris=0 lattice_margin=3389.42 lattice_accepted=1 report=fix_off/variant_052_lattice.report.json mesh=fix_off/variant_052_lattice.stl
PROGRESS rung=2 rungs=4 iter=1
PROGRESS rung=2 rungs=4 iter=2
PROGRESS rung=2 rungs=4 iter=3
PROGRESS rung=2 rungs=4 iter=4
PROGRESS rung=2 rungs=4 iter=5
PROGRESS rung=2 rungs=4 iter=6
PROGRESS rung=2 rungs=4 iter=7
PROGRESS rung=2 rungs=4 iter=8
PROGRESS rung=2 rungs=4 iter=9
PROGRESS rung=2 rungs=4 iter=10
PROGRESS rung=2 rungs=4 iter=11
PROGRESS rung=2 rungs=4 iter=12
PROGRESS rung=2 rungs=4 iter=13
PROGRESS rung=2 rungs=4 iter=14
PROGRESS rung=2 rungs=4 iter=15
PROGRESS rung=2 rungs=4 iter=16
PROGRESS rung=2 rungs=4 iter=17
PROGRESS rung=2 rungs=4 iter=18
PROGRESS rung=2 rungs=4 iter=19
PROGRESS rung=2 rungs=4 iter=20
PROGRESS rung=2 rungs=4 iter=21
PROGRESS rung=2 rungs=4 iter=22
PROGRESS rung=2 rungs=4 iter=23
PROGRESS rung=2 rungs=4 iter=24
PROGRESS rung=2 rungs=4 iter=25
PROGRESS rung=2 rungs=4 iter=26
PROGRESS rung=2 rungs=4 iter=27
PROGRESS rung=2 rungs=4 iter=28
PROGRESS rung=2 rungs=4 iter=29
PROGRESS rung=2 rungs=4 iter=30
PROGRESS rung=2 rungs=4 iter=31
PROGRESS rung=2 rungs=4 iter=32
PROGRESS rung=2 rungs=4 iter=33
PROGRESS rung=2 rungs=4 iter=34
PROGRESS rung=2 rungs=4 iter=35
PROGRESS rung=2 rungs=4 iter=36
PROGRESS rung=2 rungs=4 iter=37
PROGRESS rung=2 rungs=4 iter=38
PROGRESS rung=2 rungs=4 iter=39
PROGRESS rung=2 rungs=4 iter=40
PROGRESS rung=2 rungs=4 iter=41
PROGRESS rung=2 rungs=4 iter=42
PROGRESS rung=2 rungs=4 iter=43
PROGRESS rung=2 rungs=4 iter=44
PROGRESS rung=2 rungs=4 iter=45
PROGRESS rung=2 rungs=4 iter=46
PROGRESS rung=2 rungs=4 iter=47
PROGRESS rung=2 rungs=4 iter=48
PROGRESS rung=2 rungs=4 iter=49
PROGRESS rung=2 rungs=4 iter=50
PROGRESS rung=2 rungs=4 iter=51
PROGRESS rung=2 rungs=4 iter=52
PROGRESS rung=2 rungs=4 iter=53
PROGRESS rung=2 rungs=4 iter=54
PROGRESS rung=2 rungs=4 iter=55
PROGRESS rung=2 rungs=4 iter=56
PROGRESS rung=2 rungs=4 iter=57
PROGRESS rung=2 rungs=4 iter=58
PROGRESS rung=2 rungs=4 iter=59
PROGRESS rung=2 rungs=4 iter=60
PROGRESS rung=2 rungs=4 iter=61
PROGRESS rung=2 rungs=4 iter=62
PROGRESS rung=2 rungs=4 iter=63
PROGRESS rung=2 rungs=4 iter=64
PROGRESS rung=2 rungs=4 iter=65
PROGRESS rung=2 rungs=4 iter=66
PROGRESS rung=2 rungs=4 iter=67
PROGRESS rung=2 rungs=4 iter=68
PROGRESS rung=2 rungs=4 iter=69
PROGRESS rung=2 rungs=4 iter=70
PROGRESS rung=2 rungs=4 iter=71
PROGRESS rung=2 rungs=4 iter=72
PROGRESS rung=2 rungs=4 iter=73
PROGRESS rung=2 rungs=4 iter=74
PROGRESS rung=2 rungs=4 iter=75
PROGRESS rung=2 rungs=4 iter=76
PROGRESS rung=2 rungs=4 iter=77
PROGRESS rung=2 rungs=4 iter=78
PROGRESS rung=2 rungs=4 iter=79
PROGRESS rung=2 rungs=4 iter=80
PROGRESS rung=2 rungs=4 iter=81
PROGRESS rung=2 rungs=4 iter=82
PROGRESS rung=2 rungs=4 iter=83
PROGRESS rung=2 rungs=4 iter=84
PROGRESS rung=2 rungs=4 iter=85
PROGRESS rung=2 rungs=4 iter=86
PROGRESS rung=2 rungs=4 iter=87
PROGRESS rung=2 rungs=4 iter=88
PROGRESS rung=2 rungs=4 iter=89
PROGRESS rung=2 rungs=4 iter=90
PROGRESS rung=2 rungs=4 iter=91
PROGRESS rung=2 rungs=4 iter=92
PROGRESS rung=2 rungs=4 iter=93
PROGRESS rung=2 rungs=4 iter=94
PROGRESS rung=2 rungs=4 iter=95
PROGRESS rung=2 rungs=4 iter=96
PROGRESS rung=2 rungs=4 iter=97
PROGRESS rung=2 rungs=4 iter=98
PROGRESS rung=2 rungs=4 iter=99
PROGRESS rung=2 rungs=4 iter=100
PROGRESS rung=2 rungs=4 iter=101
PROGRESS rung=2 rungs=4 iter=102
PROGRESS rung=2 rungs=4 iter=103
PROGRESS rung=2 rungs=4 iter=104
PROGRESS rung=2 rungs=4 iter=105
PROGRESS rung=2 rungs=4 iter=106
PROGRESS rung=2 rungs=4 iter=107
PROGRESS rung=2 rungs=4 iter=108
PROGRESS rung=2 rungs=4 iter=109
PROGRESS rung=2 rungs=4 iter=110
PROGRESS rung=2 rungs=4 iter=111
PROGRESS rung=2 rungs=4 iter=112
PROGRESS rung=2 rungs=4 iter=113
PROGRESS rung=2 rungs=4 iter=114
PROGRESS rung=2 rungs=4 iter=115
PROGRESS rung=2 rungs=4 iter=116
PROGRESS rung=2 rungs=4 iter=117
PROGRESS rung=2 rungs=4 iter=118
PROGRESS rung=2 rungs=4 iter=119
PROGRESS rung=2 rungs=4 iter=120
PROGRESS rung=2 rungs=4 iter=121
PROGRESS rung=2 rungs=4 iter=122
PROGRESS rung=2 rungs=4 iter=123
PROGRESS rung=2 rungs=4 iter=124
PROGRESS rung=2 rungs=4 iter=125
PROGRESS rung=2 rungs=4 iter=126
PROGRESS rung=2 rungs=4 iter=127
PROGRESS rung=2 rungs=4 iter=128
PROGRESS rung=2 rungs=4 iter=129
PROGRESS rung=2 rungs=4 iter=130
PROGRESS rung=2 rungs=4 iter=131
PROGRESS rung=2 rungs=4 iter=132
PROGRESS rung=2 rungs=4 iter=133
PROGRESS rung=2 rungs=4 iter=134
PROGRESS rung=2 rungs=4 iter=135
PROGRESS rung=2 rungs=4 iter=136
PROGRESS rung=2 rungs=4 iter=137
PROGRESS rung=2 rungs=4 iter=138
PROGRESS rung=2 rungs=4 iter=139
PROGRESS rung=2 rungs=4 iter=140
VARIANT vf=0.380000 achieved=0.380000 printed=0.604820 margin=3290.91 accepted=1 mesh=fix_off/variant_038.stl
[lattice] vf=0.38 frozen material: printed=40216 latticed=0 solid=40216 in_include=1088 in_exclude=0/1680 latticed (audit: cells_not_emitted=0 strut_and_solid=0 unexplained=0)
LATTICE vf=0.380000 topology=octet cell_mm=4.60262 graded=1 rho_min=0 rho_max=0 cells=0 tris=0 lattice_margin=3290.91 lattice_accepted=1 report=fix_off/variant_038_lattice.report.json mesh=fix_off/variant_038_lattice.stl
PROGRESS rung=3 rungs=4 iter=1
PROGRESS rung=3 rungs=4 iter=2
PROGRESS rung=3 rungs=4 iter=3
PROGRESS rung=3 rungs=4 iter=4
PROGRESS rung=3 rungs=4 iter=5
PROGRESS rung=3 rungs=4 iter=6
PROGRESS rung=3 rungs=4 iter=7
PROGRESS rung=3 rungs=4 iter=8
PROGRESS rung=3 rungs=4 iter=9
PROGRESS rung=3 rungs=4 iter=10
PROGRESS rung=3 rungs=4 iter=11
PROGRESS rung=3 rungs=4 iter=12
PROGRESS rung=3 rungs=4 iter=13
PROGRESS rung=3 rungs=4 iter=14
PROGRESS rung=3 rungs=4 iter=15
PROGRESS rung=3 rungs=4 iter=16
PROGRESS rung=3 rungs=4 iter=17
PROGRESS rung=3 rungs=4 iter=18
PROGRESS rung=3 rungs=4 iter=19
PROGRESS rung=3 rungs=4 iter=20
PROGRESS rung=3 rungs=4 iter=21
PROGRESS rung=3 rungs=4 iter=22
PROGRESS rung=3 rungs=4 iter=23
PROGRESS rung=3 rungs=4 iter=24
PROGRESS rung=3 rungs=4 iter=25
PROGRESS rung=3 rungs=4 iter=26
PROGRESS rung=3 rungs=4 iter=27
PROGRESS rung=3 rungs=4 iter=28
PROGRESS rung=3 rungs=4 iter=29
PROGRESS rung=3 rungs=4 iter=30
PROGRESS rung=3 rungs=4 iter=31
PROGRESS rung=3 rungs=4 iter=32
PROGRESS rung=3 rungs=4 iter=33
PROGRESS rung=3 rungs=4 iter=34
PROGRESS rung=3 rungs=4 iter=35
PROGRESS rung=3 rungs=4 iter=36
PROGRESS rung=3 rungs=4 iter=37
PROGRESS rung=3 rungs=4 iter=38
PROGRESS rung=3 rungs=4 iter=39
PROGRESS rung=3 rungs=4 iter=40
PROGRESS rung=3 rungs=4 iter=41
PROGRESS rung=3 rungs=4 iter=42
PROGRESS rung=3 rungs=4 iter=43
PROGRESS rung=3 rungs=4 iter=44
PROGRESS rung=3 rungs=4 iter=45
PROGRESS rung=3 rungs=4 iter=46
PROGRESS rung=3 rungs=4 iter=47
PROGRESS rung=3 rungs=4 iter=48
PROGRESS rung=3 rungs=4 iter=49
PROGRESS rung=3 rungs=4 iter=50
PROGRESS rung=3 rungs=4 iter=51
PROGRESS rung=3 rungs=4 iter=52
PROGRESS rung=3 rungs=4 iter=53
PROGRESS rung=3 rungs=4 iter=54
PROGRESS rung=3 rungs=4 iter=55
PROGRESS rung=3 rungs=4 iter=56
PROGRESS rung=3 rungs=4 iter=57
PROGRESS rung=3 rungs=4 iter=58
PROGRESS rung=3 rungs=4 iter=59
PROGRESS rung=3 rungs=4 iter=60
PROGRESS rung=3 rungs=4 iter=61
PROGRESS rung=3 rungs=4 iter=62
PROGRESS rung=3 rungs=4 iter=63
PROGRESS rung=3 rungs=4 iter=64
PROGRESS rung=3 rungs=4 iter=65
PROGRESS rung=3 rungs=4 iter=66
PROGRESS rung=3 rungs=4 iter=67
PROGRESS rung=3 rungs=4 iter=68
PROGRESS rung=3 rungs=4 iter=69
PROGRESS rung=3 rungs=4 iter=70
PROGRESS rung=3 rungs=4 iter=71
PROGRESS rung=3 rungs=4 iter=72
PROGRESS rung=3 rungs=4 iter=73
PROGRESS rung=3 rungs=4 iter=74
PROGRESS rung=3 rungs=4 iter=75
PROGRESS rung=3 rungs=4 iter=76
PROGRESS rung=3 rungs=4 iter=77
PROGRESS rung=3 rungs=4 iter=78
PROGRESS rung=3 rungs=4 iter=79
PROGRESS rung=3 rungs=4 iter=80
PROGRESS rung=3 rungs=4 iter=81
PROGRESS rung=3 rungs=4 iter=82
PROGRESS rung=3 rungs=4 iter=83
PROGRESS rung=3 rungs=4 iter=84
PROGRESS rung=3 rungs=4 iter=85
PROGRESS rung=3 rungs=4 iter=86
PROGRESS rung=3 rungs=4 iter=87
PROGRESS rung=3 rungs=4 iter=88
PROGRESS rung=3 rungs=4 iter=89
PROGRESS rung=3 rungs=4 iter=90
PROGRESS rung=3 rungs=4 iter=91
PROGRESS rung=3 rungs=4 iter=92
PROGRESS rung=3 rungs=4 iter=93
PROGRESS rung=3 rungs=4 iter=94
PROGRESS rung=3 rungs=4 iter=95
PROGRESS rung=3 rungs=4 iter=96
PROGRESS rung=3 rungs=4 iter=97
PROGRESS rung=3 rungs=4 iter=98
PROGRESS rung=3 rungs=4 iter=99
PROGRESS rung=3 rungs=4 iter=100
PROGRESS rung=3 rungs=4 iter=101
PROGRESS rung=3 rungs=4 iter=102
PROGRESS rung=3 rungs=4 iter=103
PROGRESS rung=3 rungs=4 iter=104
PROGRESS rung=3 rungs=4 iter=105
PROGRESS rung=3 rungs=4 iter=106
PROGRESS rung=3 rungs=4 iter=107
PROGRESS rung=3 rungs=4 iter=108
PROGRESS rung=3 rungs=4 iter=109
PROGRESS rung=3 rungs=4 iter=110
PROGRESS rung=3 rungs=4 iter=111
PROGRESS rung=3 rungs=4 iter=112
PROGRESS rung=3 rungs=4 iter=113
PROGRESS rung=3 rungs=4 iter=114
PROGRESS rung=3 rungs=4 iter=115
PROGRESS rung=3 rungs=4 iter=116
PROGRESS rung=3 rungs=4 iter=117
PROGRESS rung=3 rungs=4 iter=118
PROGRESS rung=3 rungs=4 iter=119
PROGRESS rung=3 rungs=4 iter=120
PROGRESS rung=3 rungs=4 iter=121
PROGRESS rung=3 rungs=4 iter=122
PROGRESS rung=3 rungs=4 iter=123
PROGRESS rung=3 rungs=4 iter=124
PROGRESS rung=3 rungs=4 iter=125
PROGRESS rung=3 rungs=4 iter=126
PROGRESS rung=3 rungs=4 iter=127
PROGRESS rung=3 rungs=4 iter=128
PROGRESS rung=3 rungs=4 iter=129
PROGRESS rung=3 rungs=4 iter=130
PROGRESS rung=3 rungs=4 iter=131
PROGRESS rung=3 rungs=4 iter=132
PROGRESS rung=3 rungs=4 iter=133
PROGRESS rung=3 rungs=4 iter=134
PROGRESS rung=3 rungs=4 iter=135
PROGRESS rung=3 rungs=4 iter=136
PROGRESS rung=3 rungs=4 iter=137
PROGRESS rung=3 rungs=4 iter=138
PROGRESS rung=3 rungs=4 iter=139
PROGRESS rung=3 rungs=4 iter=140
PROGRESS rung=3 rungs=4 iter=141
PROGRESS rung=3 rungs=4 iter=142
PROGRESS rung=3 rungs=4 iter=143
PROGRESS rung=3 rungs=4 iter=144
PROGRESS rung=3 rungs=4 iter=145
PROGRESS rung=3 rungs=4 iter=146
PROGRESS rung=3 rungs=4 iter=147
PROGRESS rung=3 rungs=4 iter=148
PROGRESS rung=3 rungs=4 iter=149
PROGRESS rung=3 rungs=4 iter=150
PROGRESS rung=3 rungs=4 iter=151
PROGRESS rung=3 rungs=4 iter=152
PROGRESS rung=3 rungs=4 iter=153
VARIANT vf=0.260000 achieved=0.259996 printed=0.528340 margin=3014.12 accepted=1 mesh=fix_off/variant_026.stl
[lattice] vf=0.26 frozen material: printed=40216 latticed=0 solid=40216 in_include=1088 in_exclude=0/1680 latticed (audit: cells_not_emitted=0 strut_and_solid=0 unexplained=0)
LATTICE vf=0.260000 topology=octet cell_mm=4.60262 graded=1 rho_min=0 rho_max=0 cells=0 tris=0 lattice_margin=3014.12 lattice_accepted=1 report=fix_off/variant_026_lattice.report.json mesh=fix_off/variant_026_lattice.stl
WARNING: multigrid solver "MultigridCG_Matfree" fell back to Jacobi-CG on the 128x31x118 solved grid (the hierarchy could not be built, OR the V-cycle stagnated on a high-contrast field) — expect a large slowdown. Linear solves ran Jacobi-CG; run_info.json records cg_multigrid=false. See iterations.csv for the per-solve record.
model: M2_verticalStand.step (78 B-rep faces, 1 fixture faces matched)
ladder: REDUCTION [0.68, 0.52, 0.38, 0.26 x the part] — remove as much plastic as possible while holding it
variants: 4 evaluated, 4 accepted
  vf 0.68: margin 3.25e+03, accepted
  vf 0.52: margin 3.39e+03, accepted
  vf 0.38: margin 3.29e+03, accepted
  vf 0.26: margin 3.01e+03, accepted
report: fix_off/report.json
mesh: fix_off/variant_068.stl
mesh: fix_off/variant_052.stl
mesh: fix_off/variant_038.stl
mesh: fix_off/variant_026.stl
mesh: fix_off/variant_068_lattice.stl
mesh: fix_off/variant_052_lattice.stl
mesh: fix_off/variant_038_lattice.stl
mesh: fix_off/variant_026_lattice.stl
run_info: fix_off/run_info.json
iterations: fix_off/iterations.csv
