[loadcase] load-group 0: faces=22 |F|=22.2N voxels_tagged=5165 status=ok
[loadcase] warm_start_inherit=1 mode=load-case
[loadcase] face-protection face=16 voxels_frozen=10554 depth=3 status=ok
NOTE: solve grid 128x31x118 has odd axis(es) [y=31] - geometric multigrid pads its INDEX SPACE to 128x32x120 (up to 4 levels). The pad is inactive solver bookkeeping only: the design grid, loads, mass and margins are untouched.
[multiscale] length scale: floor 5.0 cells x 4.6026 mm = 23.013 mm member => min_feature 11.507 mm (was 2.500 mm) RAISED
[multiscale] region reachability: active=932 frozen_solid=10070 frozen_void=0 empty=0 (of 11002)
[multiscale] WARNING: 91.5% of the declared lattice region is NOT optimizable (pinned by the design mask — a declared load/fixture face or a face-protection collar). Material there is held SOLID for the whole run and can never become lattice, in this or any formulation. If a latticed interior is the goal, the lattice region and the protected faces are asking for incompatible things.
[multiscale] armed: topology=octet region_voxels=11002 floor_cell=4.6026 mm floor_cells=5.0
PROGRESS rung=0 rungs=4 iter=1
PROGRESS rung=0 rungs=4 iter=2
PROGRESS rung=0 rungs=4 iter=3
PROGRESS rung=0 rungs=4 iter=4
PROGRESS rung=0 rungs=4 iter=5
PROGRESS rung=0 rungs=4 iter=6
PROGRESS rung=0 rungs=4 iter=7
PROGRESS rung=0 rungs=4 iter=8
PROGRESS rung=0 rungs=4 iter=9
PROGRESS rung=0 rungs=4 iter=10
PROGRESS rung=0 rungs=4 iter=11
PROGRESS rung=0 rungs=4 iter=12
PROGRESS rung=0 rungs=4 iter=13
PROGRESS rung=0 rungs=4 iter=14
PROGRESS rung=0 rungs=4 iter=15
PROGRESS rung=0 rungs=4 iter=16
PROGRESS rung=0 rungs=4 iter=17
PROGRESS rung=0 rungs=4 iter=18
PROGRESS rung=0 rungs=4 iter=19
PROGRESS rung=0 rungs=4 iter=20
PROGRESS rung=0 rungs=4 iter=21
PROGRESS rung=0 rungs=4 iter=22
PROGRESS rung=0 rungs=4 iter=23
PROGRESS rung=0 rungs=4 iter=24
PROGRESS rung=0 rungs=4 iter=25
PROGRESS rung=0 rungs=4 iter=26
PROGRESS rung=0 rungs=4 iter=27
PROGRESS rung=0 rungs=4 iter=28
PROGRESS rung=0 rungs=4 iter=29
PROGRESS rung=0 rungs=4 iter=30
PROGRESS rung=0 rungs=4 iter=31
PROGRESS rung=0 rungs=4 iter=32
PROGRESS rung=0 rungs=4 iter=33
PROGRESS rung=0 rungs=4 iter=34
PROGRESS rung=0 rungs=4 iter=35
PROGRESS rung=0 rungs=4 iter=36
PROGRESS rung=0 rungs=4 iter=37
PROGRESS rung=0 rungs=4 iter=38
PROGRESS rung=0 rungs=4 iter=39
PROGRESS rung=0 rungs=4 iter=40
PROGRESS rung=0 rungs=4 iter=41
PROGRESS rung=0 rungs=4 iter=42
PROGRESS rung=0 rungs=4 iter=43
PROGRESS rung=0 rungs=4 iter=44
PROGRESS rung=0 rungs=4 iter=45
PROGRESS rung=0 rungs=4 iter=46
PROGRESS rung=0 rungs=4 iter=47
PROGRESS rung=0 rungs=4 iter=48
PROGRESS rung=0 rungs=4 iter=49
PROGRESS rung=0 rungs=4 iter=50
PROGRESS rung=0 rungs=4 iter=51
PROGRESS rung=0 rungs=4 iter=52
PROGRESS rung=0 rungs=4 iter=53
PROGRESS rung=0 rungs=4 iter=54
PROGRESS rung=0 rungs=4 iter=55
PROGRESS rung=0 rungs=4 iter=56
PROGRESS rung=0 rungs=4 iter=57
PROGRESS rung=0 rungs=4 iter=58
PROGRESS rung=0 rungs=4 iter=59
PROGRESS rung=0 rungs=4 iter=60
PROGRESS rung=0 rungs=4 iter=61
PROGRESS rung=0 rungs=4 iter=62
PROGRESS rung=0 rungs=4 iter=63
PROGRESS rung=0 rungs=4 iter=64
PROGRESS rung=0 rungs=4 iter=65
PROGRESS rung=0 rungs=4 iter=66
PROGRESS rung=0 rungs=4 iter=67
PROGRESS rung=0 rungs=4 iter=68
PROGRESS rung=0 rungs=4 iter=69
PROGRESS rung=0 rungs=4 iter=70
PROGRESS rung=0 rungs=4 iter=71
PROGRESS rung=0 rungs=4 iter=72
PROGRESS rung=0 rungs=4 iter=73
PROGRESS rung=0 rungs=4 iter=74
PROGRESS rung=0 rungs=4 iter=75
PROGRESS rung=0 rungs=4 iter=76
PROGRESS rung=0 rungs=4 iter=77
PROGRESS rung=0 rungs=4 iter=78
PROGRESS rung=0 rungs=4 iter=79
PROGRESS rung=0 rungs=4 iter=80
PROGRESS rung=0 rungs=4 iter=81
PROGRESS rung=0 rungs=4 iter=82
PROGRESS rung=0 rungs=4 iter=83
PROGRESS rung=0 rungs=4 iter=84
PROGRESS rung=0 rungs=4 iter=85
PROGRESS rung=0 rungs=4 iter=86
PROGRESS rung=0 rungs=4 iter=87
PROGRESS rung=0 rungs=4 iter=88
PROGRESS rung=0 rungs=4 iter=89
PROGRESS rung=0 rungs=4 iter=90
PROGRESS rung=0 rungs=4 iter=91
PROGRESS rung=0 rungs=4 iter=92
PROGRESS rung=0 rungs=4 iter=93
PROGRESS rung=0 rungs=4 iter=94
PROGRESS rung=0 rungs=4 iter=95
PROGRESS rung=0 rungs=4 iter=96
PROGRESS rung=0 rungs=4 iter=97
PROGRESS rung=0 rungs=4 iter=98
PROGRESS rung=0 rungs=4 iter=99
PROGRESS rung=0 rungs=4 iter=100
PROGRESS rung=0 rungs=4 iter=101
PROGRESS rung=0 rungs=4 iter=102
PROGRESS rung=0 rungs=4 iter=103
PROGRESS rung=0 rungs=4 iter=104
PROGRESS rung=0 rungs=4 iter=105
PROGRESS rung=0 rungs=4 iter=106
PROGRESS rung=0 rungs=4 iter=107
PROGRESS rung=0 rungs=4 iter=108
PROGRESS rung=0 rungs=4 iter=109
PROGRESS rung=0 rungs=4 iter=110
PROGRESS rung=0 rungs=4 iter=111
PROGRESS rung=0 rungs=4 iter=112
PROGRESS rung=0 rungs=4 iter=113
PROGRESS rung=0 rungs=4 iter=114
PROGRESS rung=0 rungs=4 iter=115
PROGRESS rung=0 rungs=4 iter=116
PROGRESS rung=0 rungs=4 iter=117
PROGRESS rung=0 rungs=4 iter=118
PROGRESS rung=0 rungs=4 iter=119
PROGRESS rung=0 rungs=4 iter=120
VARIANT vf=0.680000 achieved=0.679868 printed=0.809313 margin=3256.98 accepted=1 mesh=out_ms/variant_068.stl
LATTICE vf=0.680000 topology=octet cell_mm=4.60262 graded=1 rho_min=0.349443 rho_max=0.89988 cells=2 tris=2460 lattice_margin=3257.06 lattice_accepted=1 report=out_ms/variant_068_lattice.report.json mesh=out_ms/variant_068_lattice.stl
PROGRESS rung=1 rungs=4 iter=1
PROGRESS rung=1 rungs=4 iter=2
PROGRESS rung=1 rungs=4 iter=3
PROGRESS rung=1 rungs=4 iter=4
PROGRESS rung=1 rungs=4 iter=5
PROGRESS rung=1 rungs=4 iter=6
PROGRESS rung=1 rungs=4 iter=7
PROGRESS rung=1 rungs=4 iter=8
PROGRESS rung=1 rungs=4 iter=9
PROGRESS rung=1 rungs=4 iter=10
PROGRESS rung=1 rungs=4 iter=11
PROGRESS rung=1 rungs=4 iter=12
PROGRESS rung=1 rungs=4 iter=13
PROGRESS rung=1 rungs=4 iter=14
PROGRESS rung=1 rungs=4 iter=15
PROGRESS rung=1 rungs=4 iter=16
PROGRESS rung=1 rungs=4 iter=17
PROGRESS rung=1 rungs=4 iter=18
PROGRESS rung=1 rungs=4 iter=19
PROGRESS rung=1 rungs=4 iter=20
PROGRESS rung=1 rungs=4 iter=21
PROGRESS rung=1 rungs=4 iter=22
PROGRESS rung=1 rungs=4 iter=23
PROGRESS rung=1 rungs=4 iter=24
PROGRESS rung=1 rungs=4 iter=25
PROGRESS rung=1 rungs=4 iter=26
PROGRESS rung=1 rungs=4 iter=27
PROGRESS rung=1 rungs=4 iter=28
PROGRESS rung=1 rungs=4 iter=29
PROGRESS rung=1 rungs=4 iter=30
PROGRESS rung=1 rungs=4 iter=31
PROGRESS rung=1 rungs=4 iter=32
PROGRESS rung=1 rungs=4 iter=33
PROGRESS rung=1 rungs=4 iter=34
PROGRESS rung=1 rungs=4 iter=35
PROGRESS rung=1 rungs=4 iter=36
PROGRESS rung=1 rungs=4 iter=37
PROGRESS rung=1 rungs=4 iter=38
PROGRESS rung=1 rungs=4 iter=39
PROGRESS rung=1 rungs=4 iter=40
PROGRESS rung=1 rungs=4 iter=41
PROGRESS rung=1 rungs=4 iter=42
PROGRESS rung=1 rungs=4 iter=43
PROGRESS rung=1 rungs=4 iter=44
PROGRESS rung=1 rungs=4 iter=45
PROGRESS rung=1 rungs=4 iter=46
PROGRESS rung=1 rungs=4 iter=47
PROGRESS rung=1 rungs=4 iter=48
PROGRESS rung=1 rungs=4 iter=49
PROGRESS rung=1 rungs=4 iter=50
PROGRESS rung=1 rungs=4 iter=51
PROGRESS rung=1 rungs=4 iter=52
PROGRESS rung=1 rungs=4 iter=53
PROGRESS rung=1 rungs=4 iter=54
PROGRESS rung=1 rungs=4 iter=55
PROGRESS rung=1 rungs=4 iter=56
PROGRESS rung=1 rungs=4 iter=57
PROGRESS rung=1 rungs=4 iter=58
PROGRESS rung=1 rungs=4 iter=59
PROGRESS rung=1 rungs=4 iter=60
PROGRESS rung=1 rungs=4 iter=61
PROGRESS rung=1 rungs=4 iter=62
PROGRESS rung=1 rungs=4 iter=63
PROGRESS rung=1 rungs=4 iter=64
PROGRESS rung=1 rungs=4 iter=65
PROGRESS rung=1 rungs=4 iter=66
PROGRESS rung=1 rungs=4 iter=67
PROGRESS rung=1 rungs=4 iter=68
PROGRESS rung=1 rungs=4 iter=69
PROGRESS rung=1 rungs=4 iter=70
PROGRESS rung=1 rungs=4 iter=71
PROGRESS rung=1 rungs=4 iter=72
PROGRESS rung=1 rungs=4 iter=73
PROGRESS rung=1 rungs=4 iter=74
PROGRESS rung=1 rungs=4 iter=75
PROGRESS rung=1 rungs=4 iter=76
PROGRESS rung=1 rungs=4 iter=77
PROGRESS rung=1 rungs=4 iter=78
PROGRESS rung=1 rungs=4 iter=79
PROGRESS rung=1 rungs=4 iter=80
PROGRESS rung=1 rungs=4 iter=81
PROGRESS rung=1 rungs=4 iter=82
PROGRESS rung=1 rungs=4 iter=83
PROGRESS rung=1 rungs=4 iter=84
PROGRESS rung=1 rungs=4 iter=85
PROGRESS rung=1 rungs=4 iter=86
PROGRESS rung=1 rungs=4 iter=87
PROGRESS rung=1 rungs=4 iter=88
PROGRESS rung=1 rungs=4 iter=89
PROGRESS rung=1 rungs=4 iter=90
PROGRESS rung=1 rungs=4 iter=91
PROGRESS rung=1 rungs=4 iter=92
PROGRESS rung=1 rungs=4 iter=93
PROGRESS rung=1 rungs=4 iter=94
PROGRESS rung=1 rungs=4 iter=95
PROGRESS rung=1 rungs=4 iter=96
PROGRESS rung=1 rungs=4 iter=97
PROGRESS rung=1 rungs=4 iter=98
PROGRESS rung=1 rungs=4 iter=99
PROGRESS rung=1 rungs=4 iter=100
PROGRESS rung=1 rungs=4 iter=101
PROGRESS rung=1 rungs=4 iter=102
PROGRESS rung=1 rungs=4 iter=103
PROGRESS rung=1 rungs=4 iter=104
PROGRESS rung=1 rungs=4 iter=105
PROGRESS rung=1 rungs=4 iter=106
PROGRESS rung=1 rungs=4 iter=107
PROGRESS rung=1 rungs=4 iter=108
PROGRESS rung=1 rungs=4 iter=109
PROGRESS rung=1 rungs=4 iter=110
PROGRESS rung=1 rungs=4 iter=111
PROGRESS rung=1 rungs=4 iter=112
PROGRESS rung=1 rungs=4 iter=113
PROGRESS rung=1 rungs=4 iter=114
PROGRESS rung=1 rungs=4 iter=115
PROGRESS rung=1 rungs=4 iter=116
PROGRESS rung=1 rungs=4 iter=117
PROGRESS rung=1 rungs=4 iter=118
PROGRESS rung=1 rungs=4 iter=119
PROGRESS rung=1 rungs=4 iter=120
PROGRESS rung=1 rungs=4 iter=121
PROGRESS rung=1 rungs=4 iter=122
PROGRESS rung=1 rungs=4 iter=123
PROGRESS rung=1 rungs=4 iter=124
PROGRESS rung=1 rungs=4 iter=125
PROGRESS rung=1 rungs=4 iter=126
PROGRESS rung=1 rungs=4 iter=127
PROGRESS rung=1 rungs=4 iter=128
PROGRESS rung=1 rungs=4 iter=129
PROGRESS rung=1 rungs=4 iter=130
PROGRESS rung=1 rungs=4 iter=131
PROGRESS rung=1 rungs=4 iter=132
VARIANT vf=0.520000 achieved=0.519930 printed=0.712156 margin=3386.65 accepted=1 mesh=out_ms/variant_052.stl
LATTICE vf=0.520000 topology=octet cell_mm=4.60262 graded=1 rho_min=0 rho_max=0 cells=0 tris=0 lattice_margin=3386.66 lattice_accepted=1 report=out_ms/variant_052_lattice.report.json mesh=out_ms/variant_052_lattice.stl
PROGRESS rung=2 rungs=4 iter=1
PROGRESS rung=2 rungs=4 iter=2
PROGRESS rung=2 rungs=4 iter=3
PROGRESS rung=2 rungs=4 iter=4
PROGRESS rung=2 rungs=4 iter=5
PROGRESS rung=2 rungs=4 iter=6
PROGRESS rung=2 rungs=4 iter=7
PROGRESS rung=2 rungs=4 iter=8
PROGRESS rung=2 rungs=4 iter=9
PROGRESS rung=2 rungs=4 iter=10
PROGRESS rung=2 rungs=4 iter=11
PROGRESS rung=2 rungs=4 iter=12
PROGRESS rung=2 rungs=4 iter=13
PROGRESS rung=2 rungs=4 iter=14
PROGRESS rung=2 rungs=4 iter=15
PROGRESS rung=2 rungs=4 iter=16
PROGRESS rung=2 rungs=4 iter=17
PROGRESS rung=2 rungs=4 iter=18
PROGRESS rung=2 rungs=4 iter=19
PROGRESS rung=2 rungs=4 iter=20
PROGRESS rung=2 rungs=4 iter=21
PROGRESS rung=2 rungs=4 iter=22
PROGRESS rung=2 rungs=4 iter=23
PROGRESS rung=2 rungs=4 iter=24
PROGRESS rung=2 rungs=4 iter=25
PROGRESS rung=2 rungs=4 iter=26
PROGRESS rung=2 rungs=4 iter=27
PROGRESS rung=2 rungs=4 iter=28
PROGRESS rung=2 rungs=4 iter=29
PROGRESS rung=2 rungs=4 iter=30
PROGRESS rung=2 rungs=4 iter=31
PROGRESS rung=2 rungs=4 iter=32
PROGRESS rung=2 rungs=4 iter=33
PROGRESS rung=2 rungs=4 iter=34
PROGRESS rung=2 rungs=4 iter=35
PROGRESS rung=2 rungs=4 iter=36
PROGRESS rung=2 rungs=4 iter=37
PROGRESS rung=2 rungs=4 iter=38
PROGRESS rung=2 rungs=4 iter=39
PROGRESS rung=2 rungs=4 iter=40
PROGRESS rung=2 rungs=4 iter=41
PROGRESS rung=2 rungs=4 iter=42
PROGRESS rung=2 rungs=4 iter=43
PROGRESS rung=2 rungs=4 iter=44
PROGRESS rung=2 rungs=4 iter=45
PROGRESS rung=2 rungs=4 iter=46
PROGRESS rung=2 rungs=4 iter=47
PROGRESS rung=2 rungs=4 iter=48
PROGRESS rung=2 rungs=4 iter=49
PROGRESS rung=2 rungs=4 iter=50
PROGRESS rung=2 rungs=4 iter=51
PROGRESS rung=2 rungs=4 iter=52
PROGRESS rung=2 rungs=4 iter=53
PROGRESS rung=2 rungs=4 iter=54
PROGRESS rung=2 rungs=4 iter=55
PROGRESS rung=2 rungs=4 iter=56
PROGRESS rung=2 rungs=4 iter=57
PROGRESS rung=2 rungs=4 iter=58
PROGRESS rung=2 rungs=4 iter=59
PROGRESS rung=2 rungs=4 iter=60
PROGRESS rung=2 rungs=4 iter=61
PROGRESS rung=2 rungs=4 iter=62
PROGRESS rung=2 rungs=4 iter=63
PROGRESS rung=2 rungs=4 iter=64
PROGRESS rung=2 rungs=4 iter=65
PROGRESS rung=2 rungs=4 iter=66
PROGRESS rung=2 rungs=4 iter=67
PROGRESS rung=2 rungs=4 iter=68
PROGRESS rung=2 rungs=4 iter=69
PROGRESS rung=2 rungs=4 iter=70
PROGRESS rung=2 rungs=4 iter=71
PROGRESS rung=2 rungs=4 iter=72
PROGRESS rung=2 rungs=4 iter=73
PROGRESS rung=2 rungs=4 iter=74
PROGRESS rung=2 rungs=4 iter=75
PROGRESS rung=2 rungs=4 iter=76
PROGRESS rung=2 rungs=4 iter=77
PROGRESS rung=2 rungs=4 iter=78
PROGRESS rung=2 rungs=4 iter=79
PROGRESS rung=2 rungs=4 iter=80
PROGRESS rung=2 rungs=4 iter=81
PROGRESS rung=2 rungs=4 iter=82
PROGRESS rung=2 rungs=4 iter=83
PROGRESS rung=2 rungs=4 iter=84
PROGRESS rung=2 rungs=4 iter=85
PROGRESS rung=2 rungs=4 iter=86
PROGRESS rung=2 rungs=4 iter=87
PROGRESS rung=2 rungs=4 iter=88
PROGRESS rung=2 rungs=4 iter=89
PROGRESS rung=2 rungs=4 iter=90
PROGRESS rung=2 rungs=4 iter=91
PROGRESS rung=2 rungs=4 iter=92
PROGRESS rung=2 rungs=4 iter=93
PROGRESS rung=2 rungs=4 iter=94
PROGRESS rung=2 rungs=4 iter=95
PROGRESS rung=2 rungs=4 iter=96
PROGRESS rung=2 rungs=4 iter=97
PROGRESS rung=2 rungs=4 iter=98
PROGRESS rung=2 rungs=4 iter=99
PROGRESS rung=2 rungs=4 iter=100
PROGRESS rung=2 rungs=4 iter=101
PROGRESS rung=2 rungs=4 iter=102
PROGRESS rung=2 rungs=4 iter=103
PROGRESS rung=2 rungs=4 iter=104
PROGRESS rung=2 rungs=4 iter=105
PROGRESS rung=2 rungs=4 iter=106
PROGRESS rung=2 rungs=4 iter=107
PROGRESS rung=2 rungs=4 iter=108
PROGRESS rung=2 rungs=4 iter=109
PROGRESS rung=2 rungs=4 iter=110
PROGRESS rung=2 rungs=4 iter=111
PROGRESS rung=2 rungs=4 iter=112
PROGRESS rung=2 rungs=4 iter=113
PROGRESS rung=2 rungs=4 iter=114
PROGRESS rung=2 rungs=4 iter=115
PROGRESS rung=2 rungs=4 iter=116
PROGRESS rung=2 rungs=4 iter=117
PROGRESS rung=2 rungs=4 iter=118
PROGRESS rung=2 rungs=4 iter=119
PROGRESS rung=2 rungs=4 iter=120
PROGRESS rung=2 rungs=4 iter=121
PROGRESS rung=2 rungs=4 iter=122
PROGRESS rung=2 rungs=4 iter=123
PROGRESS rung=2 rungs=4 iter=124
PROGRESS rung=2 rungs=4 iter=125
PROGRESS rung=2 rungs=4 iter=126
PROGRESS rung=2 rungs=4 iter=127
PROGRESS rung=2 rungs=4 iter=128
PROGRESS rung=2 rungs=4 iter=129
PROGRESS rung=2 rungs=4 iter=130
PROGRESS rung=2 rungs=4 iter=131
PROGRESS rung=2 rungs=4 iter=132
PROGRESS rung=2 rungs=4 iter=133
PROGRESS rung=2 rungs=4 iter=134
PROGRESS rung=2 rungs=4 iter=135
PROGRESS rung=2 rungs=4 iter=136
PROGRESS rung=2 rungs=4 iter=137
PROGRESS rung=2 rungs=4 iter=138
PROGRESS rung=2 rungs=4 iter=139
PROGRESS rung=2 rungs=4 iter=140
PROGRESS rung=2 rungs=4 iter=141
PROGRESS rung=2 rungs=4 iter=142
PROGRESS rung=2 rungs=4 iter=143
PROGRESS rung=2 rungs=4 iter=144
PROGRESS rung=2 rungs=4 iter=145
PROGRESS rung=2 rungs=4 iter=146
PROGRESS rung=2 rungs=4 iter=147
PROGRESS rung=2 rungs=4 iter=148
PROGRESS rung=2 rungs=4 iter=149
PROGRESS rung=2 rungs=4 iter=150
PROGRESS rung=2 rungs=4 iter=151
PROGRESS rung=2 rungs=4 iter=152
PROGRESS rung=2 rungs=4 iter=153
PROGRESS rung=2 rungs=4 iter=154
PROGRESS rung=2 rungs=4 iter=155
PROGRESS rung=2 rungs=4 iter=156
PROGRESS rung=2 rungs=4 iter=157
PROGRESS rung=2 rungs=4 iter=158
PROGRESS rung=2 rungs=4 iter=159
PROGRESS rung=2 rungs=4 iter=160
PROGRESS rung=2 rungs=4 iter=161
PROGRESS rung=2 rungs=4 iter=162
PROGRESS rung=2 rungs=4 iter=163
PROGRESS rung=2 rungs=4 iter=164
PROGRESS rung=2 rungs=4 iter=165
PROGRESS rung=2 rungs=4 iter=166
PROGRESS rung=2 rungs=4 iter=167
PROGRESS rung=2 rungs=4 iter=168
PROGRESS rung=2 rungs=4 iter=169
PROGRESS rung=2 rungs=4 iter=170
PROGRESS rung=2 rungs=4 iter=171
PROGRESS rung=2 rungs=4 iter=172
PROGRESS rung=2 rungs=4 iter=173
PROGRESS rung=2 rungs=4 iter=174
PROGRESS rung=2 rungs=4 iter=175
PROGRESS rung=2 rungs=4 iter=176
PROGRESS rung=2 rungs=4 iter=177
PROGRESS rung=2 rungs=4 iter=178
PROGRESS rung=2 rungs=4 iter=179
PROGRESS rung=2 rungs=4 iter=180
PROGRESS rung=2 rungs=4 iter=181
VARIANT vf=0.380000 achieved=0.379946 printed=0.627786 margin=3048.5 accepted=1 mesh=out_ms/variant_038.stl
LATTICE vf=0.380000 topology=octet cell_mm=4.60262 graded=1 rho_min=0.759684 rho_max=0.89988 cells=4 tris=4944 lattice_margin=3048.47 lattice_accepted=1 report=out_ms/variant_038_lattice.report.json mesh=out_ms/variant_038_lattice.stl
PROGRESS rung=3 rungs=4 iter=1
PROGRESS rung=3 rungs=4 iter=2
PROGRESS rung=3 rungs=4 iter=3
PROGRESS rung=3 rungs=4 iter=4
PROGRESS rung=3 rungs=4 iter=5
PROGRESS rung=3 rungs=4 iter=6
PROGRESS rung=3 rungs=4 iter=7
PROGRESS rung=3 rungs=4 iter=8
PROGRESS rung=3 rungs=4 iter=9
PROGRESS rung=3 rungs=4 iter=10
PROGRESS rung=3 rungs=4 iter=11
PROGRESS rung=3 rungs=4 iter=12
PROGRESS rung=3 rungs=4 iter=13
PROGRESS rung=3 rungs=4 iter=14
PROGRESS rung=3 rungs=4 iter=15
PROGRESS rung=3 rungs=4 iter=16
PROGRESS rung=3 rungs=4 iter=17
PROGRESS rung=3 rungs=4 iter=18
PROGRESS rung=3 rungs=4 iter=19
PROGRESS rung=3 rungs=4 iter=20
PROGRESS rung=3 rungs=4 iter=21
PROGRESS rung=3 rungs=4 iter=22
PROGRESS rung=3 rungs=4 iter=23
PROGRESS rung=3 rungs=4 iter=24
PROGRESS rung=3 rungs=4 iter=25
PROGRESS rung=3 rungs=4 iter=26
PROGRESS rung=3 rungs=4 iter=27
PROGRESS rung=3 rungs=4 iter=28
PROGRESS rung=3 rungs=4 iter=29
PROGRESS rung=3 rungs=4 iter=30
PROGRESS rung=3 rungs=4 iter=31
PROGRESS rung=3 rungs=4 iter=32
PROGRESS rung=3 rungs=4 iter=33
PROGRESS rung=3 rungs=4 iter=34
PROGRESS rung=3 rungs=4 iter=35
PROGRESS rung=3 rungs=4 iter=36
PROGRESS rung=3 rungs=4 iter=37
PROGRESS rung=3 rungs=4 iter=38
PROGRESS rung=3 rungs=4 iter=39
PROGRESS rung=3 rungs=4 iter=40
PROGRESS rung=3 rungs=4 iter=41
PROGRESS rung=3 rungs=4 iter=42
PROGRESS rung=3 rungs=4 iter=43
PROGRESS rung=3 rungs=4 iter=44
PROGRESS rung=3 rungs=4 iter=45
PROGRESS rung=3 rungs=4 iter=46
PROGRESS rung=3 rungs=4 iter=47
PROGRESS rung=3 rungs=4 iter=48
PROGRESS rung=3 rungs=4 iter=49
PROGRESS rung=3 rungs=4 iter=50
PROGRESS rung=3 rungs=4 iter=51
PROGRESS rung=3 rungs=4 iter=52
PROGRESS rung=3 rungs=4 iter=53
PROGRESS rung=3 rungs=4 iter=54
PROGRESS rung=3 rungs=4 iter=55
PROGRESS rung=3 rungs=4 iter=56
PROGRESS rung=3 rungs=4 iter=57
PROGRESS rung=3 rungs=4 iter=58
PROGRESS rung=3 rungs=4 iter=59
PROGRESS rung=3 rungs=4 iter=60
PROGRESS rung=3 rungs=4 iter=61
PROGRESS rung=3 rungs=4 iter=62
PROGRESS rung=3 rungs=4 iter=63
PROGRESS rung=3 rungs=4 iter=64
PROGRESS rung=3 rungs=4 iter=65
PROGRESS rung=3 rungs=4 iter=66
PROGRESS rung=3 rungs=4 iter=67
PROGRESS rung=3 rungs=4 iter=68
PROGRESS rung=3 rungs=4 iter=69
PROGRESS rung=3 rungs=4 iter=70
PROGRESS rung=3 rungs=4 iter=71
PROGRESS rung=3 rungs=4 iter=72
PROGRESS rung=3 rungs=4 iter=73
PROGRESS rung=3 rungs=4 iter=74
PROGRESS rung=3 rungs=4 iter=75
PROGRESS rung=3 rungs=4 iter=76
PROGRESS rung=3 rungs=4 iter=77
PROGRESS rung=3 rungs=4 iter=78
PROGRESS rung=3 rungs=4 iter=79
PROGRESS rung=3 rungs=4 iter=80
PROGRESS rung=3 rungs=4 iter=81
PROGRESS rung=3 rungs=4 iter=82
PROGRESS rung=3 rungs=4 iter=83
PROGRESS rung=3 rungs=4 iter=84
PROGRESS rung=3 rungs=4 iter=85
PROGRESS rung=3 rungs=4 iter=86
PROGRESS rung=3 rungs=4 iter=87
PROGRESS rung=3 rungs=4 iter=88
PROGRESS rung=3 rungs=4 iter=89
PROGRESS rung=3 rungs=4 iter=90
PROGRESS rung=3 rungs=4 iter=91
PROGRESS rung=3 rungs=4 iter=92
PROGRESS rung=3 rungs=4 iter=93
PROGRESS rung=3 rungs=4 iter=94
PROGRESS rung=3 rungs=4 iter=95
PROGRESS rung=3 rungs=4 iter=96
PROGRESS rung=3 rungs=4 iter=97
PROGRESS rung=3 rungs=4 iter=98
PROGRESS rung=3 rungs=4 iter=99
PROGRESS rung=3 rungs=4 iter=100
PROGRESS rung=3 rungs=4 iter=101
PROGRESS rung=3 rungs=4 iter=102
PROGRESS rung=3 rungs=4 iter=103
PROGRESS rung=3 rungs=4 iter=104
PROGRESS rung=3 rungs=4 iter=105
PROGRESS rung=3 rungs=4 iter=106
PROGRESS rung=3 rungs=4 iter=107
PROGRESS rung=3 rungs=4 iter=108
PROGRESS rung=3 rungs=4 iter=109
PROGRESS rung=3 rungs=4 iter=110
PROGRESS rung=3 rungs=4 iter=111
PROGRESS rung=3 rungs=4 iter=112
PROGRESS rung=3 rungs=4 iter=113
PROGRESS rung=3 rungs=4 iter=114
PROGRESS rung=3 rungs=4 iter=115
PROGRESS rung=3 rungs=4 iter=116
PROGRESS rung=3 rungs=4 iter=117
PROGRESS rung=3 rungs=4 iter=118
PROGRESS rung=3 rungs=4 iter=119
PROGRESS rung=3 rungs=4 iter=120
PROGRESS rung=3 rungs=4 iter=121
PROGRESS rung=3 rungs=4 iter=122
PROGRESS rung=3 rungs=4 iter=123
PROGRESS rung=3 rungs=4 iter=124
PROGRESS rung=3 rungs=4 iter=125
PROGRESS rung=3 rungs=4 iter=126
PROGRESS rung=3 rungs=4 iter=127
PROGRESS rung=3 rungs=4 iter=128
PROGRESS rung=3 rungs=4 iter=129
PROGRESS rung=3 rungs=4 iter=130
PROGRESS rung=3 rungs=4 iter=131
PROGRESS rung=3 rungs=4 iter=132
PROGRESS rung=3 rungs=4 iter=133
PROGRESS rung=3 rungs=4 iter=134
PROGRESS rung=3 rungs=4 iter=135
PROGRESS rung=3 rungs=4 iter=136
PROGRESS rung=3 rungs=4 iter=137
PROGRESS rung=3 rungs=4 iter=138
PROGRESS rung=3 rungs=4 iter=139
PROGRESS rung=3 rungs=4 iter=140
PROGRESS rung=3 rungs=4 iter=141
PROGRESS rung=3 rungs=4 iter=142
PROGRESS rung=3 rungs=4 iter=143
PROGRESS rung=3 rungs=4 iter=144
PROGRESS rung=3 rungs=4 iter=145
PROGRESS rung=3 rungs=4 iter=146
PROGRESS rung=3 rungs=4 iter=147
PROGRESS rung=3 rungs=4 iter=148
PROGRESS rung=3 rungs=4 iter=149
PROGRESS rung=3 rungs=4 iter=150
PROGRESS rung=3 rungs=4 iter=151
PROGRESS rung=3 rungs=4 iter=152
PROGRESS rung=3 rungs=4 iter=153
PROGRESS rung=3 rungs=4 iter=154
PROGRESS rung=3 rungs=4 iter=155
PROGRESS rung=3 rungs=4 iter=156
PROGRESS rung=3 rungs=4 iter=157
PROGRESS rung=3 rungs=4 iter=158
PROGRESS rung=3 rungs=4 iter=159
PROGRESS rung=3 rungs=4 iter=160
PROGRESS rung=3 rungs=4 iter=161
PROGRESS rung=3 rungs=4 iter=162
PROGRESS rung=3 rungs=4 iter=163
PROGRESS rung=3 rungs=4 iter=164
PROGRESS rung=3 rungs=4 iter=165
PROGRESS rung=3 rungs=4 iter=166
PROGRESS rung=3 rungs=4 iter=167
PROGRESS rung=3 rungs=4 iter=168
PROGRESS rung=3 rungs=4 iter=169
PROGRESS rung=3 rungs=4 iter=170
PROGRESS rung=3 rungs=4 iter=171
PROGRESS rung=3 rungs=4 iter=172
PROGRESS rung=3 rungs=4 iter=173
PROGRESS rung=3 rungs=4 iter=174
PROGRESS rung=3 rungs=4 iter=175
PROGRESS rung=3 rungs=4 iter=176
PROGRESS rung=3 rungs=4 iter=177
PROGRESS rung=3 rungs=4 iter=178
PROGRESS rung=3 rungs=4 iter=179
PROGRESS rung=3 rungs=4 iter=180
PROGRESS rung=3 rungs=4 iter=181
PROGRESS rung=3 rungs=4 iter=182
PROGRESS rung=3 rungs=4 iter=183
PROGRESS rung=3 rungs=4 iter=184
PROGRESS rung=3 rungs=4 iter=185
PROGRESS rung=3 rungs=4 iter=186
PROGRESS rung=3 rungs=4 iter=187
PROGRESS rung=3 rungs=4 iter=188
PROGRESS rung=3 rungs=4 iter=189
PROGRESS rung=3 rungs=4 iter=190
PROGRESS rung=3 rungs=4 iter=191
PROGRESS rung=3 rungs=4 iter=192
PROGRESS rung=3 rungs=4 iter=193
PROGRESS rung=3 rungs=4 iter=194
PROGRESS rung=3 rungs=4 iter=195
PROGRESS rung=3 rungs=4 iter=196
PROGRESS rung=3 rungs=4 iter=197
PROGRESS rung=3 rungs=4 iter=198
PROGRESS rung=3 rungs=4 iter=199
PROGRESS rung=3 rungs=4 iter=200
PROGRESS rung=3 rungs=4 iter=201
PROGRESS rung=3 rungs=4 iter=202
PROGRESS rung=3 rungs=4 iter=203
PROGRESS rung=3 rungs=4 iter=204
PROGRESS rung=3 rungs=4 iter=205
PROGRESS rung=3 rungs=4 iter=206
PROGRESS rung=3 rungs=4 iter=207
PROGRESS rung=3 rungs=4 iter=208
PROGRESS rung=3 rungs=4 iter=209
PROGRESS rung=3 rungs=4 iter=210
PROGRESS rung=3 rungs=4 iter=211
PROGRESS rung=3 rungs=4 iter=212
PROGRESS rung=3 rungs=4 iter=213
PROGRESS rung=3 rungs=4 iter=214
PROGRESS rung=3 rungs=4 iter=215
PROGRESS rung=3 rungs=4 iter=216
PROGRESS rung=3 rungs=4 iter=217
PROGRESS rung=3 rungs=4 iter=218
PROGRESS rung=3 rungs=4 iter=219
PROGRESS rung=3 rungs=4 iter=220
PROGRESS rung=3 rungs=4 iter=221
PROGRESS rung=3 rungs=4 iter=222
PROGRESS rung=3 rungs=4 iter=223
PROGRESS rung=3 rungs=4 iter=224
PROGRESS rung=3 rungs=4 iter=225
PROGRESS rung=3 rungs=4 iter=226
PROGRESS rung=3 rungs=4 iter=227
PROGRESS rung=3 rungs=4 iter=228
PROGRESS rung=3 rungs=4 iter=229
PROGRESS rung=3 rungs=4 iter=230
PROGRESS rung=3 rungs=4 iter=231
PROGRESS rung=3 rungs=4 iter=232
PROGRESS rung=3 rungs=4 iter=233
PROGRESS rung=3 rungs=4 iter=234
PROGRESS rung=3 rungs=4 iter=235
PROGRESS rung=3 rungs=4 iter=236
PROGRESS rung=3 rungs=4 iter=237
PROGRESS rung=3 rungs=4 iter=238
PROGRESS rung=3 rungs=4 iter=239
PROGRESS rung=3 rungs=4 iter=240
PROGRESS rung=3 rungs=4 iter=241
PROGRESS rung=3 rungs=4 iter=242
PROGRESS rung=3 rungs=4 iter=243
PROGRESS rung=3 rungs=4 iter=244
PROGRESS rung=3 rungs=4 iter=245
PROGRESS rung=3 rungs=4 iter=246
PROGRESS rung=3 rungs=4 iter=247
PROGRESS rung=3 rungs=4 iter=248
VARIANT vf=0.260000 achieved=0.259984 printed=0.550981 margin=2062.98 accepted=1 mesh=out_ms/variant_026.stl
LATTICE vf=0.260000 topology=octet cell_mm=4.60262 graded=1 rho_min=0 rho_max=0 cells=0 tris=0 lattice_margin=2062.09 lattice_accepted=1 report=out_ms/variant_026_lattice.report.json mesh=out_ms/variant_026_lattice.stl
WARNING: multigrid solver "MultigridCG_Matfree" fell back to Jacobi-CG on the 128x31x118 solved grid (the hierarchy could not be built, OR the V-cycle stagnated on a high-contrast field) — expect a large slowdown. Linear solves ran Jacobi-CG; run_info.json records cg_multigrid=false. See iterations.csv for the per-solve record.
model: M2_verticalStand.step (78 B-rep faces, 1 fixture faces matched)
variants: 4 evaluated, 4 accepted
  vf 0.68: margin 3.26e+03, accepted
  vf 0.52: margin 3.39e+03, accepted
  vf 0.38: margin 3.05e+03, accepted
  vf 0.26: margin 2.06e+03, accepted
report: out_ms/report.json
mesh: out_ms/variant_068.stl
mesh: out_ms/variant_052.stl
mesh: out_ms/variant_038.stl
mesh: out_ms/variant_026.stl
mesh: out_ms/variant_068_lattice.stl
mesh: out_ms/variant_052_lattice.stl
mesh: out_ms/variant_038_lattice.stl
mesh: out_ms/variant_026_lattice.stl
run_info: out_ms/run_info.json
iterations: out_ms/iterations.csv
