[loadcase] load-group 0: faces=22 |F|=22.2N voxels_tagged=5165 status=ok
[loadcase] warm_start_inherit=1 mode=load-case
[loadcase] face-protection face=16 voxels_frozen=10554 depth=3 status=ok
NOTE: solve grid 128x31x118 has odd axis(es) [y=31] - geometric multigrid pads its INDEX SPACE to 128x32x120 (up to 4 levels). The pad is inactive solver bookkeeping only: the design grid, loads, mass and margins are untouched.
[multiscale] length scale: floor 5.0 cells x 4.6026 mm = 23.013 mm member => min_feature 11.507 mm (was 2.500 mm) RAISED
[multiscale] region reachability: active=932 frozen_solid=10070 frozen_void=0 empty=0 (of 11002)
[multiscale] WARNING: 91.5% of the declared lattice region is NOT optimizable (pinned by the design mask — a declared load/fixture face or a face-protection collar). Material there is held SOLID for the whole run and can never become lattice, in this or any formulation. If a latticed interior is the goal, the lattice region and the protected faces are asking for incompatible things.
[multiscale] armed: topology=octet region_voxels=11002 floor_cell=4.6026 mm floor_cells=5.0
PROGRESS rung=0 rungs=4 iter=1
PROGRESS rung=0 rungs=4 iter=2
PROGRESS rung=0 rungs=4 iter=3
PROGRESS rung=0 rungs=4 iter=4
PROGRESS rung=0 rungs=4 iter=5
PROGRESS rung=0 rungs=4 iter=6
PROGRESS rung=0 rungs=4 iter=7
PROGRESS rung=0 rungs=4 iter=8
PROGRESS rung=0 rungs=4 iter=9
PROGRESS rung=0 rungs=4 iter=10
PROGRESS rung=0 rungs=4 iter=11
PROGRESS rung=0 rungs=4 iter=12
PROGRESS rung=0 rungs=4 iter=13
PROGRESS rung=0 rungs=4 iter=14
PROGRESS rung=0 rungs=4 iter=15
PROGRESS rung=0 rungs=4 iter=16
PROGRESS rung=0 rungs=4 iter=17
PROGRESS rung=0 rungs=4 iter=18
PROGRESS rung=0 rungs=4 iter=19
PROGRESS rung=0 rungs=4 iter=20
PROGRESS rung=0 rungs=4 iter=21
PROGRESS rung=0 rungs=4 iter=22
PROGRESS rung=0 rungs=4 iter=23
PROGRESS rung=0 rungs=4 iter=24
PROGRESS rung=0 rungs=4 iter=25
PROGRESS rung=0 rungs=4 iter=26
PROGRESS rung=0 rungs=4 iter=27
PROGRESS rung=0 rungs=4 iter=28
PROGRESS rung=0 rungs=4 iter=29
PROGRESS rung=0 rungs=4 iter=30
PROGRESS rung=0 rungs=4 iter=31
PROGRESS rung=0 rungs=4 iter=32
PROGRESS rung=0 rungs=4 iter=33
PROGRESS rung=0 rungs=4 iter=34
PROGRESS rung=0 rungs=4 iter=35
PROGRESS rung=0 rungs=4 iter=36
PROGRESS rung=0 rungs=4 iter=37
PROGRESS rung=0 rungs=4 iter=38
PROGRESS rung=0 rungs=4 iter=39
PROGRESS rung=0 rungs=4 iter=40
PROGRESS rung=0 rungs=4 iter=41
PROGRESS rung=0 rungs=4 iter=42
PROGRESS rung=0 rungs=4 iter=43
PROGRESS rung=0 rungs=4 iter=44
PROGRESS rung=0 rungs=4 iter=45
PROGRESS rung=0 rungs=4 iter=46
PROGRESS rung=0 rungs=4 iter=47
PROGRESS rung=0 rungs=4 iter=48
PROGRESS rung=0 rungs=4 iter=49
PROGRESS rung=0 rungs=4 iter=50
PROGRESS rung=0 rungs=4 iter=51
PROGRESS rung=0 rungs=4 iter=52
PROGRESS rung=0 rungs=4 iter=53
PROGRESS rung=0 rungs=4 iter=54
PROGRESS rung=0 rungs=4 iter=55
PROGRESS rung=0 rungs=4 iter=56
PROGRESS rung=0 rungs=4 iter=57
PROGRESS rung=0 rungs=4 iter=58
PROGRESS rung=0 rungs=4 iter=59
PROGRESS rung=0 rungs=4 iter=60
PROGRESS rung=0 rungs=4 iter=61
PROGRESS rung=0 rungs=4 iter=62
PROGRESS rung=0 rungs=4 iter=63
PROGRESS rung=0 rungs=4 iter=64
PROGRESS rung=0 rungs=4 iter=65
PROGRESS rung=0 rungs=4 iter=66
PROGRESS rung=0 rungs=4 iter=67
PROGRESS rung=0 rungs=4 iter=68
PROGRESS rung=0 rungs=4 iter=69
PROGRESS rung=0 rungs=4 iter=70
PROGRESS rung=0 rungs=4 iter=71
PROGRESS rung=0 rungs=4 iter=72
PROGRESS rung=0 rungs=4 iter=73
PROGRESS rung=0 rungs=4 iter=74
PROGRESS rung=0 rungs=4 iter=75
PROGRESS rung=0 rungs=4 iter=76
PROGRESS rung=0 rungs=4 iter=77
PROGRESS rung=0 rungs=4 iter=78
PROGRESS rung=0 rungs=4 iter=79
PROGRESS rung=0 rungs=4 iter=80
PROGRESS rung=0 rungs=4 iter=81
PROGRESS rung=0 rungs=4 iter=82
