[loadcase] load-group 0: faces=22 |F|=22.2N voxels_tagged=5165 status=ok
[loadcase] warm_start_inherit=1 mode=load-case
[loadcase] ladder=REDUCTION rungs=[0.68,0.52,0.38,0.26] anchor_pad=1 — remove as much plastic as possible while holding the required margin
[loadcase] face-protection face=16 voxels_frozen=10554 depth=3 status=ok
== levelset_probe — a level set on our own solver ==

part        evidence/2026-08-09-reference-implementation-bakeoff/M2_verticalStand.step (78 B-rep faces)
grid        128 x 31 x 118 = 468224 voxels, spacing 1.705279303 mm
origin      (-18.275750737, -48.909974716, 0.000000000) mm
dofs        491232 nodes, 1473696 displacement DOFs
bcs         21000 clamped DOFs
loads       7382 nodal loads, Fz = -22.24113464 N
part solid  110904 voxels;  mask Active 70688 / FrozenSolid 40216 / FrozenVoid 357320
rung        0.68  ->  target 75414.7 printed voxels
band eta    2 voxels = 3.410559 mm      seed: holes

-- the five differences from PR 322 --
(1) surface delta  DH_eta(phi) * |grad phi| on BOTH the compliance and volume terms
(2) trajectory law penalty 1  = their LINEAR I(phi)   (certification stays at 3)
(3) HJ steps       24 per state solve, gamma 0.1  (their floor(order*min(el_size)/5) = 6)
(4) extension      HILBERTIAN screened-Poisson
                   alpha = 2.4 voxels = 4.092670 mm, rtol 1e-12, Dirichlet v=0 on 40216 FrozenSolid cells
(5) band eta       2 voxels (their eta_coeff = 2)

posture     PRODUCTION (as SIMP's 11.2 s/iteration was measured): recycling ON (dim 16), geneo ON, galerkin cache ON,
            threads 3, solver=2, cg_tol=1e-08, cg_max=0
mixed prec  off (FP64)  (V-cycle preconditioner only; the outer CG is FP64 by design)
seed        regular hole array, period 8 voxels
PLSM        phi = sum alpha_i psi_i  —  gaussian basis, knots (2, 2, 2) voxels PER AXIS
            68 x 20 x 63 = 85680 COEFFICIENTS against 468224 voxels (compression 5.5x)
            support 2 x spacing = (6.821, 6.821, 6.821) mm, nnz(Psi) 14665984 (31.3 per voxel)
            seed fit: 2000 CG iterations, rel resid 1.29e-05, band rms 0.20254 mm, 16.7 s
            volume offset moves phi by offset * sum_i psi_i, which is 4.1981..4.2335 in the part
            update: MMA on the coefficients;  Hilbertian extension: off — the RBF support is the extension;  approximate re-init: every N iterations
PLSM        coefficient box +-462.1415 (4x the largest seed coefficient); a unit move of every
            coefficient carries phi by at most 4.2335 mm, which is what sizes the MMA move
VOLUME      constraint measures int H_eta(-phi) — the SMOOTHED integral (PR 324's convention; drifts from the printed part with area)
it   1  c = 0.003738582143  vf = 0.721200 (occ 75414.7)  offset +0.4355 mm  |v|max 1.25e-10  band 70109  hilb 0 (0.0e+00)  |grad|-1 3.94e-01  cg 1097  100.27 s
it   2  c = 0.003561645003  vf = 0.716187 (occ 75414.7)  offset +0.0011 mm  |v|max 1.23e-10  band 70346  hilb 0 (0.0e+00)  |grad|-1 3.93e-01  cg 1948  21.38 s
it   3  c = 0.003406354651  vf = 0.691246 (occ 75414.7)  offset +0.0002 mm  |v|max 1.17e-10  band 70352  hilb 0 (0.0e+00)  |grad|-1 3.93e-01  cg 1938  21.48 s
it   4  c = 0.00327069984  vf = 0.716322 (occ 75414.7)  offset -0.0006 mm  |v|max 1.08e-10  band 69128  hilb 0 (0.0e+00)  |grad|-1 3.92e-01  cg 1932  14.47 s
it   5  c = 0.003153048713  vf = 0.681021 (occ 75414.7)  offset -0.0014 mm  |v|max 9.72e-11  band 68866  hilb 0 (0.0e+00)  |grad|-1 3.87e-01  cg 1923  31.05 s

certifying iteration 5 (best compliance 0.003153048713 of 5 run)
analytic    evidence/2026-08-11-plsm-restriction-operator/arms/C0_control_5it/plsm_f1.f64  (128 x 31 x 118, spacing 1.705279 mm)
mesh        268714 vertices, 538908 triangles -> levelset.stl

== levelset_probe summary ==
seed                 holes
rung                 0.68
THREADS              3
iterations run       5
WALL PER ITERATION   37.734 s   (total 188.7 s over 5 iterations)
  of which solve     34.286 s/iteration (171.4 s total)
  of which extension 0.000 s/iteration (0.0 s total)
certification wall   24.8 s
★ FILTER             0 applies, 0 CG iterations, 0.0 s total (0.00% of the run)
★ IN-LOOP CERT       0 calls, 0.0 s total (0.0% of the run)
★ OPTIMISATION ONLY  188.7 s   (run wall minus in-loop certification —
                     THIS is the method's cost; the certifications are a
                     stopping rule and would not be paid in production)
★ STOPPED BECAUSE    the iteration count ran out
state solves         5, of which the V-cycle engaged on 0
trajectory posture   PRODUCTION (recycling/geneo as configure_production_options armed them)
mixed precision      off (FP64)
-- the five differences, as they ran --
(1) surface delta    DH_eta(phi)*|grad phi| on the compliance AND volume terms
(2) trajectory law   penalty 1 = their LINEAR I(phi);  CERTIFICATION penalty 3 (production, unchanged)
(3) HJ steps         24 per state solve at gamma 0.1 -> 0.1 (damper off, fired 0)
(4) extension        HILBERTIAN screened-Poisson, Dirichlet on the load/anchor/protection set
(5) band eta         2 voxels = 3.410559 mm
reinit |grad phi|-1  rms 0.387149 in band at the last reinitialisation
                     (their reinit-by-PDE tolerance is 0.00645; the MAX is
                     0.999939 and is pinned at 1 by medial-axis kinks, which
                     the exact distance function has too)
compliance (best)    0.00315304871284   ★ ON THE TRAJECTORY LAW — not comparable to
                     SIMP's or to PR 322's, which are penalty 3
compliance (cert)    0.00453801633597
achieved vf          0.681021  (target 0.68, printed 75528 of 110904 part voxels)
load path connected  yes
max von Mises        0.029312877 MPa
margin in-plane      1876.308477325
margin interlayer    4643.623855050
MARGIN worst case    1876.308477325
margin effective     388.513672735   (gate: >= 1.5)
VERDICT              ACCEPTED
min-feature viols    7317
mass                 464.5487 g

wrote evidence/2026-08-11-plsm-restriction-operator/arms/C0_control_5it/{iterations.csv,design.bin,rho.f64,rho.meta,levelset.stl,summary.txt}

for the roughness row, on the SAME binary that produced PR 321's:
  ./build/external_field_surface_probe <ref/design.bin> <part.step> <dir> LS=evidence/2026-08-11-plsm-restriction-operator/arms/C0_control_5it/rho
