[loadcase] load-group 0: faces=22 |F|=22.2N voxels_tagged=5165 status=ok
[loadcase] warm_start_inherit=1 mode=load-case
[loadcase] ladder=REDUCTION rungs=[0.68,0.52,0.38,0.26] anchor_pad=1 — remove as much plastic as possible while holding the required margin
[loadcase] face-protection face=16 voxels_frozen=10554 depth=3 status=ok
== levelset_probe — a level set on our own solver ==

part        evidence/2026-08-09-reference-implementation-bakeoff/M2_verticalStand.step (78 B-rep faces)
grid        128 x 31 x 118 = 468224 voxels, spacing 1.705279303 mm
origin      (-18.275750737, -48.909974716, 0.000000000) mm
dofs        491232 nodes, 1473696 displacement DOFs
bcs         21000 clamped DOFs
loads       7382 nodal loads, Fz = -22.24113464 N
part solid  110904 voxels;  mask Active 70688 / FrozenSolid 40216 / FrozenVoid 357320
rung        0.68  ->  target 75414.7 printed voxels
band eta    2 voxels = 3.410559 mm      seed: simp

-- the five differences from PR 322 --
(1) surface delta  DH_eta(phi) * |grad phi| on BOTH the compliance and volume terms
(2) trajectory law penalty 1  = their LINEAR I(phi)   (certification stays at 3)
(3) HJ steps       6 per state solve, gamma 0.1  (their floor(order*min(el_size)/5) = 6)
(4) extension      HILBERTIAN screened-Poisson
                   alpha = 2.4 voxels = 4.092670 mm, rtol 1e-12, Dirichlet v=0 on 40216 FrozenSolid cells
(5) band eta       2 voxels (their eta_coeff = 2)

posture     PRODUCTION (as SIMP's 11.2 s/iteration was measured): recycling ON (dim 16), geneo ON, galerkin cache ON,
            threads 3, solver=2, cg_tol=1e-08, cg_max=0
mixed prec  off (FP64)  (V-cycle preconditioner only; the outer CG is FP64 by design)

== re-certification control ==
field                evidence/2026-08-10-parametric-level-set/fields/G2_vm_f1.f64
binarized            no
fractional samples   89260 (before any thresholding)
certification penalty 3 (production)
printed voxels       75413 of 110904  (vf 0.679984)
FrozenSolid BELOW iso 40 of 40216   FrozenVoid above 44
frozen set restored  YES (--respect-frozen)
max von Mises        0.028026711 MPa
MARGIN worst case    1962.413649173
margin effective     406.342850058   (gate: >= 1.5)
VERDICT              ACCEPTED
min-feature viols    478
mass                 463.7616 g
load path connected  yes

== re-certification control ==
field                evidence/2026-08-10-parametric-level-set/fields/A424_vm_f1.f64
binarized            no
fractional samples   90133 (before any thresholding)
certification penalty 3 (production)
printed voxels       75723 of 110904  (vf 0.682780)
FrozenSolid BELOW iso 1275 of 40216   FrozenVoid above 969
frozen set restored  YES (--respect-frozen)
max von Mises        0.017076708 MPa
MARGIN worst case    3220.761276818
margin effective     666.899823659   (gate: >= 1.5)
VERDICT              ACCEPTED
min-feature viols    477
mass                 465.6739 g
load path connected  yes

== re-certification control ==
field                evidence/2026-08-10-parametric-level-set/fields/W2_vm_f1.f64
binarized            no
fractional samples   89289 (before any thresholding)
certification penalty 3 (production)
printed voxels       75412 of 110904  (vf 0.679975)
FrozenSolid BELOW iso 83 of 40216   FrozenVoid above 88
frozen set restored  YES (--respect-frozen)
max von Mises        0.028091387 MPa
MARGIN worst case    1957.895467984
margin effective     405.407302845   (gate: >= 1.5)
VERDICT              ACCEPTED
min-feature viols    484
mass                 463.7308 g
load path connected  yes

== re-certification control ==
field                evidence/2026-08-10-parametric-level-set/sources/C2it25.f64
binarized            no
fractional samples   19250 (before any thresholding)
certification penalty 3 (production)
printed voxels       75417 of 110904  (vf 0.680021)
FrozenSolid BELOW iso 0 of 40216   FrozenVoid above 0
frozen set restored  YES (--respect-frozen)
max von Mises        0.027295830 MPa
MARGIN worst case    2014.959772234
margin effective     417.223197030   (gate: >= 1.5)
VERDICT              ACCEPTED
min-feature viols    500
mass                 463.7616 g
load path connected  yes

== re-certification control ==
field                evidence/2026-08-10-parametric-level-set/sources/simp/rung_0.68.f64
binarized            no
fractional samples   28374 (before any thresholding)
certification penalty 3 (production)
printed voxels       88424 of 110904  (vf 0.797302)
FrozenSolid BELOW iso 0 of 40216   FrozenVoid above 0
frozen set restored  YES (--respect-frozen)
max von Mises        0.016900494 MPa
MARGIN worst case    3254.342744897
margin effective     673.853296213   (gate: >= 1.5)
VERDICT              ACCEPTED
min-feature viols    407
mass                 543.7239 g
load path connected  yes
