[  0%] Building CXX object CMakeFiles/topopt.dir/src/version.cpp.o
[  0%] Building CXX object CMakeFiles/topopt.dir/src/io/threemf_stream.cpp.o
[  0%] Building CXX object CMakeFiles/topopt.dir/src/materials/materials.cpp.o
[  6%] Building CXX object CMakeFiles/topopt.dir/src/io/stl.cpp.o
[  6%] Building CXX object CMakeFiles/topopt.dir/src/io/part.cpp.o
[ 13%] Building CXX object CMakeFiles/topopt.dir/src/io/face_tag.cpp.o
[ 13%] Building CXX object CMakeFiles/topopt.dir/src/io/fields.cpp.o
[ 13%] Building CXX object CMakeFiles/topopt.dir/src/io/segment.cpp.o
[ 13%] Building CXX object CMakeFiles/topopt.dir/src/io/face_region.cpp.o
[ 13%] Building CXX object CMakeFiles/topopt.dir/src/io/face_overrides.cpp.o
[ 20%] Building CXX object CMakeFiles/topopt.dir/src/io/design_store.cpp.o
[ 20%] Building CXX object CMakeFiles/topopt.dir/src/mesh/mesh.cpp.o
[ 20%] Building CXX object CMakeFiles/topopt.dir/src/mesh/mesh_distance.cpp.o
[ 20%] Building CXX object CMakeFiles/topopt.dir/src/mesh/smooth.cpp.o
[ 26%] Building CXX object CMakeFiles/topopt.dir/src/mesh/cad_project.cpp.o
[ 26%] Building CXX object CMakeFiles/topopt.dir/src/mesh/surface_operator.cpp.o
[ 26%] Building CXX object CMakeFiles/topopt.dir/src/mesh/lattice_gen.cpp.o
[ 26%] Building CXX object CMakeFiles/topopt.dir/src/mesh/lattice_boundary.cpp.o
[ 33%] Building CXX object CMakeFiles/topopt.dir/src/mesh/lattice_void.cpp.o
[ 33%] Building CXX object CMakeFiles/topopt.dir/src/voxel/voxelize.cpp.o
[ 33%] Building CXX object CMakeFiles/topopt.dir/src/voxel/clearance.cpp.o
[ 33%] Building CXX object CMakeFiles/topopt.dir/src/simp/warm_start.cpp.o
[ 40%] Building CXX object CMakeFiles/topopt.dir/src/simp/semdot.cpp.o
[ 40%] Building CXX object CMakeFiles/topopt.dir/src/simp/lattice_density_field.cpp.o
[ 40%] Building CXX object CMakeFiles/topopt.dir/src/simp/mma_joint.cpp.o
[ 40%] Building CXX object CMakeFiles/topopt.dir/src/simp/grading.cpp.o
[ 46%] Building CXX object CMakeFiles/topopt.dir/src/simp/cell_plan.cpp.o
[ 46%] Building CXX object CMakeFiles/topopt.dir/src/simp/observability.cpp.o
[ 46%] Building CXX object CMakeFiles/topopt.dir/src/fea/hex_element.cpp.o
[ 46%] Building CXX object CMakeFiles/topopt.dir/src/fea/lattice.cpp.o
[ 53%] Building CXX object CMakeFiles/topopt.dir/src/fea/lattice_material.cpp.o
[ 53%] Building CXX object CMakeFiles/topopt.dir/src/fea/strut_strength.cpp.o
[ 53%] Building CXX object CMakeFiles/topopt.dir/src/orient/orient.cpp.o
[ 53%] Building CXX object CMakeFiles/topopt.dir/src/orient/build_orientation.cpp.o
[ 60%] Building CXX object CMakeFiles/topopt.dir/src/orient/build_frame.cpp.o
[ 60%] Building CXX object CMakeFiles/topopt.dir/src/settings/settings.cpp.o
[ 60%] Building CXX object CMakeFiles/topopt.dir/src/settings/gate_diagnosis_report.cpp.o
[ 60%] Building CXX object CMakeFiles/topopt.dir/src/settings/report.cpp.o
[ 66%] Building CXX object CMakeFiles/topopt.dir/src/cli/job.cpp.o
[ 66%] Building CXX object CMakeFiles/topopt.dir/src/io/step.cpp.o
[ 66%] Building CXX object CMakeFiles/topopt.dir/src/fea/assembly.cpp.o
[ 66%] Building CXX object CMakeFiles/topopt.dir/src/fea/multigrid.cpp.o
[ 73%] Building CXX object CMakeFiles/topopt.dir/src/fea/matfree.cpp.o
[ 73%] Building CXX object CMakeFiles/topopt.dir/src/fea/recycle.cpp.o
[ 73%] Building CXX object CMakeFiles/topopt.dir/src/fea/geneo.cpp.o
[ 73%] Building CXX object CMakeFiles/topopt.dir/src/fea/algebraic_coarsen.cpp.o
[ 80%] Building CXX object CMakeFiles/topopt.dir/src/simp/simp.cpp.o
[ 80%] Building CXX object CMakeFiles/topopt.dir/src/simp/minimize_plastic.cpp.o
[ 80%] Building CXX object CMakeFiles/topopt.dir/src/simp/plsm.cpp.o
[ 80%] Building CXX object CMakeFiles/topopt.dir/src/simp/analyze.cpp.o
[ 86%] Building CXX object CMakeFiles/topopt.dir/src/simp/gate_diagnosis.cpp.o
[ 86%] Building CXX object CMakeFiles/topopt.dir/src/simp/production.cpp.o
[ 86%] Building CXX object CMakeFiles/topopt.dir/src/io/threemf.cpp.o
[ 86%] Building CXX object CMakeFiles/topopt.dir/src/cli/loadcase.cpp.o
[ 93%] Building CXX object CMakeFiles/topopt.dir/src/cli/run_job.cpp.o
[ 93%] Linking CXX static library libtopopt.a
[ 93%] Built target topopt
[ 93%] Building CXX object CMakeFiles/topopt_cli.dir/src/cli/main.cpp.o
[100%] Linking CXX executable topopt-cli
[100%] Built target topopt_cli
