LATTICE DE-HOMOGENIZATION PROBE — octet band [0.05047, 0.89988] (read from core)

===== BULK LAW — periodic cell, band sweep (J2/J3/J5) =====
EXPECTATION STATED BEFORE MEASURING (J2): PR 247 measured the uniaxial
strut/macro concentration at ~25x (rho 0.31) and ~44x (rho 0.20) on
voxelized joint peaks at vpc32. If K ~ A/rho that implies A ~ 8:
  expected K(uni) ~ 160 at rho 0.05, ~ 8-13 at rho 0.60-0.90.
Shear states are expected WORSE per unit macro vm for a stretch-
dominated lattice; hydrostatic macro vm is 0, so K_vm(hydro) = inf —
the vol term must be reported per unit pressure instead.
  rho 0.048 vpc 32 (wall 1 vox, 0.4s): K_dev=99.0 K_vol=54.9  
  rho 0.048 vpc 48 (wall 2 vox, 16.2s): K_dev=124.1 K_vol=60.6  
  rho 0.095 vpc 32 (wall 2 vox, 0.7s): K_dev=64.8 K_vol=31.1  
  rho 0.095 vpc 48 (wall 3 vox, 3.7s): K_dev=65.4 K_vol=37.9  
  rho 0.155 vpc 32 (wall 3 vox, 1.1s): K_dev=38.8 K_vol=18.9  
  rho 0.204 vpc 16 (wall 1 vox, 0.1s): K_dev=24.7 K_vol=13.4  
  rho 0.204 vpc 24 (wall 2 vox, 0.3s): K_dev=25.8 K_vol=14.7  
  rho 0.204 vpc 32 (wall 3 vox, 1.4s): K_dev=27.2 K_vol=16.2  
  rho 0.204 vpc 40 (wall 4 vox, 3.2s): K_dev=31.3 K_vol=17.7  
  rho 0.204 vpc 48 (wall 5 vox, 5.6s): K_dev=32.3 K_vol=18.4  
  rho 0.316 vpc 32 (wall 4 vox, 1.5s): K_dev=16.8 K_vol=10.2  
  rho 0.444 vpc 16 (wall 2 vox, 0.1s): K_dev=8.0 K_vol=5.9  
  rho 0.444 vpc 24 (wall 4 vox, 0.6s): K_dev=9.8 K_vol=7.0  
  rho 0.444 vpc 32 (wall 5 vox, 2.3s): K_dev=11.3 K_vol=8.2  
  rho 0.444 vpc 40 (wall 6 vox, 4.7s): K_dev=11.6 K_vol=8.1  
  rho 0.600 vpc 32 (wall 6 vox, 2.6s): K_dev=6.7 K_vol=5.4  
  rho 0.752 vpc 32 (wall 7 vox, 3.0s): K_dev=4.7 K_vol=3.6  
  rho 0.896 vpc 32 (wall 9 vox, 3.3s): K_dev=3.1 K_vol=2.3  
  rho 0.896 vpc 48 (wall 13 vox, 14.8s): K_dev=3.7 K_vol=2.9  

DONE (rc=0).
