[loadcase] load-group 0: faces=22 |F|=22.2N voxels_tagged=5165 status=ok
[loadcase] warm_start_inherit=1 mode=load-case
[loadcase] ladder=REDUCTION rungs=[0.68,0.52,0.38,0.26] anchor_pad=1 — remove as much plastic as possible while holding the required margin
[loadcase] face-protection face=16 voxels_frozen=10554 depth=3 status=ok
== levelset_probe — a level set on our own solver ==

part        evidence/2026-08-09-reference-implementation-bakeoff/M2_verticalStand.step (78 B-rep faces)
grid        128 x 31 x 118 = 468224 voxels, spacing 1.705279303 mm
origin      (-18.275750737, -48.909974716, 0.000000000) mm
dofs        491232 nodes, 1473696 displacement DOFs
bcs         21000 clamped DOFs
loads       7382 nodal loads, Fz = -22.24113464 N
part solid  110904 voxels;  mask Active 70688 / FrozenSolid 40216 / FrozenVoid 357320
rung        0.68  ->  target 75414.7 printed voxels
band eta    2 voxels = 3.410559 mm      seed: simp

-- the five differences from PR 322 --
(1) surface delta  DH_eta(phi) * |grad phi| on BOTH the compliance and volume terms
(2) trajectory law penalty 1  = their LINEAR I(phi)   (certification stays at 3)
(3) HJ steps       6 per state solve, gamma 0.1  (their floor(order*min(el_size)/5) = 6)
(4) extension      HILBERTIAN screened-Poisson
                   alpha = 2.4 voxels = 4.092670 mm, rtol 1e-12, Dirichlet v=0 on 40216 FrozenSolid cells
(5) band eta       2 voxels (their eta_coeff = 2)

posture     PRODUCTION (as SIMP's 11.2 s/iteration was measured): recycling ON (dim 16), geneo ON, galerkin cache ON,
            threads 3, solver=2, cg_tol=1e-08, cg_max=0
mixed prec  off (FP64)  (V-cycle preconditioner only; the outer CG is FP64 by design)
seed        SIMP rung 0.68 from evidence/2026-08-09-reference-implementation-bakeoff/s2_simp_baseline/design.bin (achieved 0.679951)
it   1  c = 0.002871489168  vf = 0.683384 (occ 75414.7)  offset +3.5686 mm  |v|max 6.91e-12  band 28010  hilb 112 (8.2e-13)  |grad|-1 1.71e-01  cg 1579  111.14 s
it   2  c = 0.002840402887  vf = 0.684655 (occ 75414.7)  offset -0.0346 mm  |v|max 5.65e-12  band 26848  hilb 112 (8.6e-13)  |grad|-1 1.70e-01  cg 3077  32.12 s
it   3  c = 0.002805466413  vf = 0.685169 (occ 75414.7)  offset -0.0226 mm  |v|max 4.86e-12  band 26606  hilb 112 (8.8e-13)  |grad|-1 1.68e-01  cg 2885  29.88 s
it   4  c = 0.002771234306  vf = 0.685818 (occ 75414.7)  offset -0.0227 mm  |v|max 3.97e-12  band 26505  hilb 112 (8.9e-13)  |grad|-1 1.67e-01  cg 2767  22.17 s
it   5  c = 0.002738061138  vf = 0.686332 (occ 75414.7)  offset -0.0291 mm  |v|max 3.45e-12  band 26333  hilb 112 (8.8e-13)  |grad|-1 1.67e-01  cg 2737  21.69 s
it   6  c = 0.002710038377  vf = 0.685954 (occ 75414.7)  offset -0.0398 mm  |v|max 2.86e-12  band 26155  hilb 112 (8.6e-13)  |grad|-1 1.66e-01  cg 2735  21.53 s
it   7  c = 0.002685923522  vf = 0.684385 (occ 75414.7)  offset -0.0486 mm  |v|max 2.38e-12  band 26001  hilb 112 (8.3e-13)  |grad|-1 1.66e-01  cg 2728  22.76 s
it   8  c = 0.002665507676  vf = 0.683537 (occ 75414.7)  offset -0.0588 mm  |v|max 2.05e-12  band 25874  hilb 112 (8.1e-13)  |grad|-1 1.66e-01  cg 2678  21.95 s
it   9  c = 0.002648511672  vf = 0.682969 (occ 75414.7)  offset -0.0670 mm  |v|max 1.91e-12  band 25783  hilb 111 (9.9e-13)  |grad|-1 1.66e-01  cg 2668  22.03 s
it  10  c = 0.002634821158  vf = 0.682212 (occ 75414.7)  offset -0.0686 mm  |v|max 1.99e-12  band 25605  hilb 111 (9.6e-13)  |grad|-1 1.67e-01  cg 2682  22.06 s
it  11  c = 0.002624579227  vf = 0.681977 (occ 75414.7)  offset -0.0624 mm  |v|max 1.76e-12  band 25561  hilb 111 (9.3e-13)  |grad|-1 1.68e-01  cg 2684  21.22 s
it  12  c = 0.002615047556  vf = 0.681400 (occ 75414.7)  offset -0.0680 mm  |v|max 1.75e-12  band 25432  hilb 111 (9.1e-13)  |grad|-1 1.69e-01  cg 2675  21.22 s
it  13  c = 0.002607463843  vf = 0.681076 (occ 75414.7)  offset -0.0643 mm  |v|max 1.58e-12  band 25342  hilb 111 (8.9e-13)  |grad|-1 1.69e-01  cg 2673  22.76 s
it  14  c = 0.002600590169  vf = 0.680562 (occ 75414.7)  offset -0.0665 mm  |v|max 1.46e-12  band 25164  hilb 111 (8.7e-13)  |grad|-1 1.70e-01  cg 2672  21.80 s
it  15  c = 0.002594475158  vf = 0.679894 (occ 75414.7)  offset -0.0679 mm  |v|max 1.45e-12  band 25162  hilb 111 (8.5e-13)  |grad|-1 1.70e-01  cg 2671  21.73 s
it  16  c = 0.00258942513  vf = 0.679885 (occ 75414.7)  offset -0.0640 mm  |v|max 1.32e-12  band 25141  hilb 111 (8.4e-13)  |grad|-1 1.70e-01  cg 2668  21.97 s
it  17  c = 0.002584641835  vf = 0.679759 (occ 75414.7)  offset -0.0656 mm  |v|max 1.24e-12  band 25156  hilb 111 (8.1e-13)  |grad|-1 1.71e-01  cg 2668  21.20 s
it  18  c = 0.002580325263  vf = 0.679768 (occ 75414.7)  offset -0.0663 mm  |v|max 1.27e-12  band 25185  hilb 110 (9.9e-13)  |grad|-1 1.71e-01  cg 2666  21.12 s
it  19  c = 0.002576688192  vf = 0.679561 (occ 75414.7)  offset -0.0601 mm  |v|max 1.18e-12  band 25068  hilb 110 (9.7e-13)  |grad|-1 1.71e-01  cg 2666  21.38 s
it  20  c = 0.002573276955  vf = 0.679597 (occ 75414.7)  offset -0.0599 mm  |v|max 1.06e-12  band 24095  hilb 110 (9.4e-13)  |grad|-1 1.68e-01  cg 2664  21.35 s
it  21  c = 0.002569807972  vf = 0.679498 (occ 75414.7)  offset -0.0616 mm  |v|max 1.14e-12  band 24016  hilb 110 (9.1e-13)  |grad|-1 1.67e-01  cg 2662  21.24 s
it  22  c = 0.002567094656  vf = 0.679452 (occ 75414.7)  offset -0.0533 mm  |v|max 1.08e-12  band 24022  hilb 110 (8.9e-13)  |grad|-1 1.67e-01  cg 2661  21.36 s
it  23  c = 0.002564564472  vf = 0.679597 (occ 75414.7)  offset -0.0525 mm  |v|max 9.92e-13  band 24015  hilb 110 (8.7e-13)  |grad|-1 1.67e-01  cg 2660  20.59 s
it  24  c = 0.002562056667  vf = 0.679714 (occ 75414.7)  offset -0.0534 mm  |v|max 9.77e-13  band 23999  hilb 110 (8.4e-13)  |grad|-1 1.67e-01  cg 2659  20.47 s
it  25  c = 0.00255981325  vf = 0.679516 (occ 75414.7)  offset -0.0499 mm  |v|max 9.98e-13  band 23989  hilb 110 (8.1e-13)  |grad|-1 1.67e-01  cg 2656  20.32 s
it  26  c = 0.002557914232  vf = 0.679452 (occ 75414.7)  offset -0.0445 mm  |v|max 9.11e-13  band 23945  hilb 110 (8.0e-13)  |grad|-1 1.68e-01  cg 2655  20.24 s
it  27  c = 0.002556150718  vf = 0.679245 (occ 75414.7)  offset -0.0453 mm  |v|max 8.23e-13  band 23921  hilb 110 (7.8e-13)  |grad|-1 1.68e-01  cg 2654  20.22 s
it  28  c = 0.002554416652  vf = 0.679164 (occ 75414.7)  offset -0.0451 mm  |v|max 6.9e-13  band 24005  hilb 110 (7.6e-13)  |grad|-1 1.68e-01  cg 2654  20.14 s
it  29  c = 0.002552670569  vf = 0.679029 (occ 75414.7)  offset -0.0491 mm  |v|max 5.88e-13  band 24042  hilb 109 (9.8e-13)  |grad|-1 1.69e-01  cg 2625  20.57 s
it  30  c = 0.002551056289  vf = 0.678776 (occ 75414.7)  offset -0.0506 mm  |v|max 4.5e-13  band 24078  hilb 109 (9.6e-13)  |grad|-1 1.70e-01  cg 2626  20.67 s
it  31  c = 0.002549282626  vf = 0.678614 (occ 75414.7)  offset -0.0582 mm  |v|max 4.12e-13  band 24109  hilb 109 (9.2e-13)  |grad|-1 1.70e-01  cg 2631  20.64 s
it  32  c = 0.002547719509  vf = 0.678542 (occ 75414.7)  offset -0.0558 mm  |v|max 3.77e-13  band 24158  hilb 109 (8.9e-13)  |grad|-1 1.70e-01  cg 2637  20.97 s
it  33  c = 0.002546319573  vf = 0.678352 (occ 75414.7)  offset -0.0517 mm  |v|max 3.45e-13  band 24182  hilb 109 (8.7e-13)  |grad|-1 1.71e-01  cg 2640  20.86 s
it  34  c = 0.002545041207  vf = 0.678352 (occ 75414.7)  offset -0.0504 mm  |v|max 3.16e-13  band 24256  hilb 109 (8.5e-13)  |grad|-1 1.71e-01  cg 2645  20.71 s
it  35  c = 0.002543860437  vf = 0.678416 (occ 75414.7)  offset -0.0474 mm  |v|max 2.89e-13  band 24302  hilb 109 (8.2e-13)  |grad|-1 1.71e-01  cg 2648  20.84 s
it  36  c = 0.002542786095  vf = 0.678226 (occ 75414.7)  offset -0.0450 mm  |v|max 2.65e-13  band 24330  hilb 109 (8.1e-13)  |grad|-1 1.71e-01  cg 2651  20.49 s
it  37  c = 0.002541742952  vf = 0.678154 (occ 75414.7)  offset -0.0427 mm  |v|max 2.43e-13  band 24383  hilb 109 (7.9e-13)  |grad|-1 1.71e-01  cg 2653  20.11 s
it  38  c = 0.002540777194  vf = 0.678028 (occ 75414.7)  offset -0.0398 mm  |v|max 2.24e-13  band 24406  hilb 108 (9.9e-13)  |grad|-1 1.71e-01  cg 2655  20.30 s
it  39  c = 0.002539822229  vf = 0.678064 (occ 75414.7)  offset -0.0383 mm  |v|max 2.06e-13  band 24433  hilb 108 (9.7e-13)  |grad|-1 1.72e-01  cg 2657  20.47 s
it  40  c = 0.002538969092  vf = 0.678217 (occ 75414.7)  offset -0.0358 mm  |v|max 2.1e-13  band 24502  hilb 108 (9.5e-13)  |grad|-1 1.72e-01  cg 2657  20.23 s
it  41  c = 0.002538164297  vf = 0.678379 (occ 75414.7)  offset -0.0303 mm  |v|max 2.23e-13  band 24585  hilb 108 (9.3e-13)  |grad|-1 1.73e-01  cg 2657  20.35 s
it  42  c = 0.002537499479  vf = 0.678208 (occ 75414.7)  offset -0.0249 mm  |v|max 1.99e-13  band 24644  hilb 108 (9.2e-13)  |grad|-1 1.73e-01  cg 2657  20.26 s
it  43  c = 0.002536744412  vf = 0.678280 (occ 75414.7)  offset -0.0250 mm  |v|max 2.07e-13  band 24736  hilb 108 (9.1e-13)  |grad|-1 1.74e-01  cg 2656  20.13 s
it  44  c = 0.002536095659  vf = 0.678082 (occ 75414.7)  offset -0.0223 mm  |v|max 2.12e-13  band 24811  hilb 108 (9.0e-13)  |grad|-1 1.75e-01  cg 2657  20.48 s
it  45  c = 0.00253548347  vf = 0.677884 (occ 75414.7)  offset -0.0197 mm  |v|max 1.93e-13  band 24885  hilb 108 (8.9e-13)  |grad|-1 1.76e-01  cg 2656  19.99 s
it  46  c = 0.00253479569  vf = 0.677884 (occ 75414.7)  offset -0.0202 mm  |v|max 1.81e-13  band 24944  hilb 108 (8.8e-13)  |grad|-1 1.77e-01  cg 2657  19.96 s
it  47  c = 0.002534100915  vf = 0.677848 (occ 75414.7)  offset -0.0210 mm  |v|max 2.01e-13  band 25037  hilb 108 (8.7e-13)  |grad|-1 1.78e-01  cg 2656  19.94 s
it  48  c = 0.002533520723  vf = 0.677802 (occ 75414.7)  offset -0.0173 mm  |v|max 2.1e-13  band 25093  hilb 108 (8.7e-13)  |grad|-1 1.78e-01  cg 2656  19.96 s
it  49  c = 0.002532990679  vf = 0.677496 (occ 75414.7)  offset -0.0148 mm  |v|max 2.03e-13  band 25187  hilb 108 (8.6e-13)  |grad|-1 1.79e-01  cg 2658  20.17 s
it  50  c = 0.002532444889  vf = 0.677234 (occ 75414.7)  offset -0.0159 mm  |v|max 1.81e-13  band 25306  hilb 108 (8.6e-13)  |grad|-1 1.80e-01  cg 2658  20.05 s
it  51  c = 0.002531780445  vf = 0.677198 (occ 75414.7)  offset -0.0171 mm  |v|max 2.03e-13  band 25396  hilb 108 (8.4e-13)  |grad|-1 1.81e-01  cg 2660  20.24 s
it  52  c = 0.0025312622  vf = 0.677135 (occ 75414.7)  offset -0.0147 mm  |v|max 2.14e-13  band 25446  hilb 108 (8.5e-13)  |grad|-1 1.82e-01  cg 2657  20.39 s
it  53  c = 0.002530802257  vf = 0.677081 (occ 75414.7)  offset -0.0130 mm  |v|max 2.14e-13  band 25524  hilb 108 (8.4e-13)  |grad|-1 1.82e-01  cg 2657  20.28 s
it  54  c = 0.002530321168  vf = 0.676937 (occ 75414.7)  offset -0.0138 mm  |v|max 2.08e-13  band 25584  hilb 108 (8.4e-13)  |grad|-1 1.83e-01  cg 2620  21.51 s
it  55  c = 0.002529841009  vf = 0.677108 (occ 75414.7)  offset -0.0137 mm  |v|max 1.88e-13  band 25639  hilb 108 (8.2e-13)  |grad|-1 1.84e-01  cg 2619  21.09 s
it  56  c = 0.002529312967  vf = 0.677325 (occ 75414.7)  offset -0.0151 mm  |v|max 1.82e-13  band 25661  hilb 108 (8.3e-13)  |grad|-1 1.85e-01  cg 2621  20.91 s
it  57  c = 0.002528755495  vf = 0.676973 (occ 75414.7)  offset -0.0130 mm  |v|max 1.78e-13  band 25713  hilb 108 (8.1e-13)  |grad|-1 1.86e-01  cg 2620  20.77 s
it  58  c = 0.002528262768  vf = 0.676829 (occ 75414.7)  offset -0.0153 mm  |v|max 1.87e-13  band 25765  hilb 108 (8.2e-13)  |grad|-1 1.87e-01  cg 2621  20.76 s
it  59  c = 0.002527779717  vf = 0.676513 (occ 75414.7)  offset -0.0130 mm  |v|max 1.78e-13  band 25838  hilb 108 (8.0e-13)  |grad|-1 1.88e-01  cg 2622  20.73 s
it  60  c = 0.0025272985  vf = 0.676558 (occ 75414.7)  offset -0.0153 mm  |v|max 1.74e-13  band 25881  hilb 108 (8.2e-13)  |grad|-1 1.89e-01  cg 2622  21.06 s
it  61  c = 0.002526873778  vf = 0.676468 (occ 75414.7)  offset -0.0146 mm  |v|max 1.71e-13  band 25972  hilb 108 (8.0e-13)  |grad|-1 1.90e-01  cg 2622  20.83 s
it  62  c = 0.002526436519  vf = 0.676288 (occ 75414.7)  offset -0.0165 mm  |v|max 1.52e-13  band 26002  hilb 108 (8.2e-13)  |grad|-1 1.92e-01  cg 2623  20.86 s
it  63  c = 0.002525961617  vf = 0.675819 (occ 75414.7)  offset -0.0155 mm  |v|max 1.66e-13  band 26122  hilb 108 (8.2e-13)  |grad|-1 1.91e-01  cg 2623  20.79 s
it  64  c = 0.002525712793  vf = 0.676080 (occ 75414.7)  offset -0.0200 mm  |v|max 2.5e-13  band 26170  hilb 108 (8.9e-13)  |grad|-1 1.93e-01  cg 2624  21.05 s
it  65  c = 0.002525400407  vf = 0.675792 (occ 75414.7)  offset -0.0081 mm  |v|max 1.74e-13  band 26257  hilb 108 (8.1e-13)  |grad|-1 1.93e-01  cg 2622  20.60 s
it  66  c = 0.002525090512  vf = 0.675918 (occ 75414.7)  offset -0.0149 mm  |v|max 2.16e-13  band 26269  hilb 108 (8.6e-13)  |grad|-1 1.94e-01  cg 2623  20.57 s
it  67  c = 0.002524788309  vf = 0.675990 (occ 75414.7)  offset -0.0098 mm  |v|max 1.73e-13  band 26377  hilb 108 (8.2e-13)  |grad|-1 1.94e-01  cg 2622  20.74 s
it  68  c = 0.002524561304  vf = 0.675765 (occ 75414.7)  offset -0.0137 mm  |v|max 2.8e-13  band 26362  hilb 108 (8.9e-13)  |grad|-1 1.96e-01  cg 2623  19.88 s
it  69  c = 0.002524205732  vf = 0.675711 (occ 75414.7)  offset -0.0079 mm  |v|max 1.61e-13  band 26422  hilb 108 (7.8e-13)  |grad|-1 1.97e-01  cg 2624  19.83 s
it  70  c = 0.002523824258  vf = 0.675846 (occ 75414.7)  offset -0.0128 mm  |v|max 2.23e-13  band 26461  hilb 108 (8.5e-13)  |grad|-1 1.98e-01  cg 2625  19.87 s
it  71  c = 0.00252354605  vf = 0.675936 (occ 75414.7)  offset -0.0102 mm  |v|max 1.72e-13  band 26545  hilb 108 (8.2e-13)  |grad|-1 1.98e-01  cg 2622  19.87 s
it  72  c = 0.002523331298  vf = 0.675593 (occ 75414.7)  offset -0.0122 mm  |v|max 2.69e-13  band 26542  hilb 108 (8.8e-13)  |grad|-1 1.99e-01  cg 2623  19.80 s
it  73  c = 0.002523016461  vf = 0.675774 (occ 75414.7)  offset -0.0083 mm  |v|max 1.78e-13  band 26613  hilb 108 (7.9e-13)  |grad|-1 1.99e-01  cg 2623  19.71 s
it  74  c = 0.002522739181  vf = 0.675278 (occ 75414.7)  offset -0.0101 mm  |v|max 2.02e-13  band 26623  hilb 108 (8.3e-13)  |grad|-1 2.00e-01  cg 2623  19.84 s
it  75  c = 0.002522485691  vf = 0.675566 (occ 75414.7)  offset -0.0104 mm  |v|max 1.72e-13  band 26708  hilb 108 (8.5e-13)  |grad|-1 2.00e-01  cg 2619  19.72 s
it  76  c = 0.002522437688  vf = 0.674962 (occ 75414.7)  offset -0.0108 mm  |v|max 3.16e-13  band 26677  hilb 108 (9.0e-13)  |grad|-1 2.01e-01  cg 2624  20.09 s

converged: compliance flat within 1e-3 over the last 10 iterations

certifying iteration 76 (best compliance 0.002522437688 of 76 run)
mesh        174302 vertices, 348748 triangles -> levelset.stl

== levelset_probe summary ==
seed                 simp
rung                 0.68
THREADS              3
iterations run       76 (converged)
WALL PER ITERATION   22.206 s   (total 1687.6 s over 76 iterations)
  of which solve     21.667 s/iteration (1646.7 s total)
  of which extension 0.244 s/iteration (18.6 s total)
certification wall   26.6 s
state solves         76, of which the V-cycle engaged on 0
trajectory posture   PRODUCTION (recycling/geneo as configure_production_options armed them)
mixed precision      off (FP64)
-- the five differences, as they ran --
(1) surface delta    DH_eta(phi)*|grad phi| on the compliance AND volume terms
(2) trajectory law   penalty 1 = their LINEAR I(phi);  CERTIFICATION penalty 3 (production, unchanged)
(3) HJ steps         6 per state solve at gamma 0.1
(4) extension        HILBERTIAN screened-Poisson, Dirichlet on the load/anchor/protection set
(5) band eta         2 voxels = 3.410559 mm
reinit |grad phi|-1  rms 0.200562 in band at the last reinitialisation
                     (their reinit-by-PDE tolerance is 0.00645; the MAX is
                     0.996393 and is pinned at 1 by medial-axis kinks, which
                     the exact distance function has too)
compliance (best)    0.00252243768794   ★ ON THE TRAJECTORY LAW — not comparable to
                     SIMP's or to PR 322's, which are penalty 3
compliance (cert)    0.00267702622453
achieved vf          0.674962  (target 0.68, printed 74856 of 110904 part voxels)
load path connected  yes
max von Mises        0.016151155 MPa
margin in-plane      3405.329313771
margin interlayer    6756.534621449
MARGIN worst case    3405.329313771
margin effective     705.116996780   (gate: >= 1.5)
VERDICT              ACCEPTED
min-feature viols    1578
mass                 460.3243 g

wrote evidence/2026-08-09-levelset-match-the-reference/s2_levelset/{iterations.csv,design.bin,rho.f64,rho.meta,levelset.stl,summary.txt}

for the roughness row, on the SAME binary that produced PR 321's:
  ./build/external_field_surface_probe <ref/design.bin> <part.step> <dir> LS=evidence/2026-08-09-levelset-match-the-reference/s2_levelset/rho
